../Core/Src/main.c:251:5:main	8	static
../Core/Src/main.c:407:6:SystemClock_Config	88	static
../Core/Src/main.c:453:13:MX_ADC1_Init	24	static
../Core/Src/main.c:523:13:MX_I2C1_Init	8	static
../Core/Src/main.c:557:13:MX_TIM2_Init	56	static
../Core/Src/main.c:606:13:MX_TIM3_Init	32	static
../Core/Src/main.c:651:13:MX_TIM5_Init	48	static
../Core/Src/main.c:700:13:MX_TIM11_Init	40	static
../Core/Src/main.c:749:13:MX_USART2_UART_Init	8	static
../Core/Src/main.c:780:13:MX_DMA_Init	16	static
../Core/Src/main.c:802:13:MX_GPIO_Init	48	static
../Core/Src/main.c:858:6:heartbeat	8	static
../Core/Src/main.c:868:6:simple_value	24	static
../Core/Src/main.c:917:6:Joystick	16	static
../Core/Src/main.c:990:6:main_trajectory	24	static
../Core/Src/main.c:1006:6:Trapzoidal_viapoint	56	static
../Core/Src/main.c:1072:6:Trapzoidal_pick_place	56	static
../Core/Src/main.c:1140:8:PID_plan2	96	static
../Core/Src/main.c:1178:6:motor_control	24	static
../Core/Src/main.c:1242:6:motor_control_pick_place	24	static
../Core/Src/main.c:1297:9:find_diagonal_X	4	static
../Core/Src/main.c:1312:9:find_diagonal_Y	4	static
../Core/Src/main.c:1332:6:calculate	8	static
../Core/Src/main.c:1374:6:home_setpoint	8	static
../Core/Src/main.c:1409:6:MainStateMechine	8	static
../Core/Src/main.c:1548:6:softResetMode	8	static
../Core/Src/main.c:1555:6:EmergencyMode	8	static
../Core/Src/main.c:1559:6:stopEmergencyMode	8	static
../Core/Src/main.c:1568:6:startTestMode	8	static
../Core/Src/main.c:1572:6:stopTestMode	8	static
../Core/Src/main.c:1582:6:readStatus	8	static
../Core/Src/main.c:1591:6:startRunMode	8	static
../Core/Src/main.c:1597:6:stopRunMode	8	static
../Core/Src/main.c:1603:6:pickMode	8	static
../Core/Src/main.c:1609:6:placeMode	8	static
../Core/Src/main.c:1615:6:modeControl	8	static
../Core/Src/main.c:1675:6:HAL_I2C_MasterTxCpltCallback	16	static
../Core/Src/main.c:1682:6:HAL_I2C_MasterRxCpltCallback	16	static
../Core/Src/main.c:1693:6:Error_Handler	4	static,ignoring_inline_asm
