Archive member included to satisfy reference by file (symbol)

c:/st/stm32cubeide_1.11.0/stm32cubeide/plugins/com.st.stm32cube.ide.mcu.externaltools.gnu-tools-for-stm32.10.3-2021.10.win32_1.0.200.202301161003/tools/bin/../lib/gcc/arm-none-eabi/10.3.1/../../../../arm-none-eabi/lib/thumb/v7e-m+fp/hard\libc_nano.a(lib_a-errno.o)
                              ./Core/Src/syscalls.o (__errno)
c:/st/stm32cubeide_1.11.0/stm32cubeide/plugins/com.st.stm32cube.ide.mcu.externaltools.gnu-tools-for-stm32.10.3-2021.10.win32_1.0.200.202301161003/tools/bin/../lib/gcc/arm-none-eabi/10.3.1/../../../../arm-none-eabi/lib/thumb/v7e-m+fp/hard\libc_nano.a(lib_a-exit.o)
                              c:/st/stm32cubeide_1.11.0/stm32cubeide/plugins/com.st.stm32cube.ide.mcu.externaltools.gnu-tools-for-stm32.10.3-2021.10.win32_1.0.200.202301161003/tools/bin/../lib/gcc/arm-none-eabi/10.3.1/../../../../arm-none-eabi/lib/thumb/v7e-m+fp/hard/crt0.o (exit)
c:/st/stm32cubeide_1.11.0/stm32cubeide/plugins/com.st.stm32cube.ide.mcu.externaltools.gnu-tools-for-stm32.10.3-2021.10.win32_1.0.200.202301161003/tools/bin/../lib/gcc/arm-none-eabi/10.3.1/../../../../arm-none-eabi/lib/thumb/v7e-m+fp/hard\libc_nano.a(lib_a-impure.o)
                              c:/st/stm32cubeide_1.11.0/stm32cubeide/plugins/com.st.stm32cube.ide.mcu.externaltools.gnu-tools-for-stm32.10.3-2021.10.win32_1.0.200.202301161003/tools/bin/../lib/gcc/arm-none-eabi/10.3.1/../../../../arm-none-eabi/lib/thumb/v7e-m+fp/hard\libc_nano.a(lib_a-exit.o) (_global_impure_ptr)
c:/st/stm32cubeide_1.11.0/stm32cubeide/plugins/com.st.stm32cube.ide.mcu.externaltools.gnu-tools-for-stm32.10.3-2021.10.win32_1.0.200.202301161003/tools/bin/../lib/gcc/arm-none-eabi/10.3.1/../../../../arm-none-eabi/lib/thumb/v7e-m+fp/hard\libc_nano.a(lib_a-init.o)
                              c:/st/stm32cubeide_1.11.0/stm32cubeide/plugins/com.st.stm32cube.ide.mcu.externaltools.gnu-tools-for-stm32.10.3-2021.10.win32_1.0.200.202301161003/tools/bin/../lib/gcc/arm-none-eabi/10.3.1/../../../../arm-none-eabi/lib/thumb/v7e-m+fp/hard/crt0.o (__libc_init_array)
c:/st/stm32cubeide_1.11.0/stm32cubeide/plugins/com.st.stm32cube.ide.mcu.externaltools.gnu-tools-for-stm32.10.3-2021.10.win32_1.0.200.202301161003/tools/bin/../lib/gcc/arm-none-eabi/10.3.1/../../../../arm-none-eabi/lib/thumb/v7e-m+fp/hard\libc_nano.a(lib_a-memcpy-stub.o)
                              ./Core/Src/ModBusRTU.o (memcpy)
c:/st/stm32cubeide_1.11.0/stm32cubeide/plugins/com.st.stm32cube.ide.mcu.externaltools.gnu-tools-for-stm32.10.3-2021.10.win32_1.0.200.202301161003/tools/bin/../lib/gcc/arm-none-eabi/10.3.1/../../../../arm-none-eabi/lib/thumb/v7e-m+fp/hard\libc_nano.a(lib_a-memset.o)
                              c:/st/stm32cubeide_1.11.0/stm32cubeide/plugins/com.st.stm32cube.ide.mcu.externaltools.gnu-tools-for-stm32.10.3-2021.10.win32_1.0.200.202301161003/tools/bin/../lib/gcc/arm-none-eabi/10.3.1/../../../../arm-none-eabi/lib/thumb/v7e-m+fp/hard/crt0.o (memset)
c:/st/stm32cubeide_1.11.0/stm32cubeide/plugins/com.st.stm32cube.ide.mcu.externaltools.gnu-tools-for-stm32.10.3-2021.10.win32_1.0.200.202301161003/tools/bin/../lib/gcc/arm-none-eabi/10.3.1/../../../../arm-none-eabi/lib/thumb/v7e-m+fp/hard\libm.a(lib_a-s_atan.o)
                              ./Core/Src/main.o (atan)
c:/st/stm32cubeide_1.11.0/stm32cubeide/plugins/com.st.stm32cube.ide.mcu.externaltools.gnu-tools-for-stm32.10.3-2021.10.win32_1.0.200.202301161003/tools/bin/../lib/gcc/arm-none-eabi/10.3.1/../../../../arm-none-eabi/lib/thumb/v7e-m+fp/hard\libm.a(lib_a-s_fabs.o)
                              c:/st/stm32cubeide_1.11.0/stm32cubeide/plugins/com.st.stm32cube.ide.mcu.externaltools.gnu-tools-for-stm32.10.3-2021.10.win32_1.0.200.202301161003/tools/bin/../lib/gcc/arm-none-eabi/10.3.1/../../../../arm-none-eabi/lib/thumb/v7e-m+fp/hard\libm.a(lib_a-s_atan.o) (fabs)
c:/st/stm32cubeide_1.11.0/stm32cubeide/plugins/com.st.stm32cube.ide.mcu.externaltools.gnu-tools-for-stm32.10.3-2021.10.win32_1.0.200.202301161003/tools/bin/../lib/gcc/arm-none-eabi/10.3.1/thumb/v7e-m+fp/hard\libgcc.a(_arm_muldf3.o)
                              ./Core/Src/main.o (__aeabi_dmul)
c:/st/stm32cubeide_1.11.0/stm32cubeide/plugins/com.st.stm32cube.ide.mcu.externaltools.gnu-tools-for-stm32.10.3-2021.10.win32_1.0.200.202301161003/tools/bin/../lib/gcc/arm-none-eabi/10.3.1/thumb/v7e-m+fp/hard\libgcc.a(_arm_addsubdf3.o)
                              ./Core/Src/main.o (__aeabi_dsub)
c:/st/stm32cubeide_1.11.0/stm32cubeide/plugins/com.st.stm32cube.ide.mcu.externaltools.gnu-tools-for-stm32.10.3-2021.10.win32_1.0.200.202301161003/tools/bin/../lib/gcc/arm-none-eabi/10.3.1/thumb/v7e-m+fp/hard\libgcc.a(_arm_muldivdf3.o)
                              ./Core/Src/main.o (__aeabi_ddiv)
c:/st/stm32cubeide_1.11.0/stm32cubeide/plugins/com.st.stm32cube.ide.mcu.externaltools.gnu-tools-for-stm32.10.3-2021.10.win32_1.0.200.202301161003/tools/bin/../lib/gcc/arm-none-eabi/10.3.1/thumb/v7e-m+fp/hard\libgcc.a(_arm_cmpdf2.o)
[...]
Memory Configuration

Name             Origin             Length             Attributes
RAM              0x0000000020000000 0x0000000000020000 xrw
FLASH            0x0000000008000000 0x0000000000080000 xr
*default*        0x0000000000000000 0xffffffffffffffff

Linker script and memory map

LOAD c:/st/stm32cubeide_1.11.0/stm32cubeide/plugins/com.st.stm32cube.ide.mcu.externaltools.gnu-tools-for-stm32.10.3-2021.10.win32_1.0.200.202301161003/tools/bin/../lib/gcc/arm-none-eabi/10.3.1/thumb/v7e-m+fp/hard/crti.o
LOAD c:/st/stm32cubeide_1.11.0/stm32cubeide/plugins/com.st.stm32cube.ide.mcu.externaltools.gnu-tools-for-stm32.10.3-2021.10.win32_1.0.200.202301161003/tools/bin/../lib/gcc/arm-none-eabi/10.3.1/thumb/v7e-m+fp/hard/crtbegin.o
LOAD c:/st/stm32cubeide_1.11.0/stm32cubeide/plugins/com.st.stm32cube.ide.mcu.externaltools.gnu-tools-for-stm32.10.3-2021.10.win32_1.0.200.202301161003/tools/bin/../lib/gcc/arm-none-eabi/10.3.1/../../../../arm-none-eabi/lib/thumb/v7e-m+fp/hard/crt0.o
LOAD ./Core/Src/ModBusRTU.o
LOAD ./Core/Src/main.o
LOAD ./Core/Src/stm32f4xx_hal_msp.o
LOAD ./Core/Src/stm32f4xx_it.o
LOAD ./Core/Src/syscalls.o
LOAD ./Core/Src/sysmem.o
LOAD ./Core/Src/system_stm32f4xx.o
LOAD ./Core/Startup/startup_stm32f411retx.o
LOAD ./Drivers/STM32F4xx_HAL_Driver/Src/stm32f4xx_hal.o
LOAD ./Drivers/STM32F4xx_HAL_Driver/Src/stm32f4xx_hal_adc.o
LOAD ./Drivers/STM32F4xx_HAL_Driver/Src/stm32f4xx_hal_adc_ex.o
LOAD ./Drivers/STM32F4xx_HAL_Driver/Src/stm32f4xx_hal_cortex.o
LOAD ./Drivers/STM32F4xx_HAL_Driver/Src/stm32f4xx_hal_dma.o
LOAD ./Drivers/STM32F4xx_HAL_Driver/Src/stm32f4xx_hal_dma_ex.o
LOAD ./Drivers/STM32F4xx_HAL_Driver/Src/stm32f4xx_hal_exti.o
LOAD ./Drivers/STM32F4xx_HAL_Driver/Src/stm32f4xx_hal_flash.o
LOAD ./Drivers/STM32F4xx_HAL_Driver/Src/stm32f4xx_hal_flash_ex.o
LOAD ./Drivers/STM32F4xx_HAL_Driver/Src/stm32f4xx_hal_flash_ramfunc.o
LOAD ./Drivers/STM32F4xx_HAL_Driver/Src/stm32f4xx_hal_gpio.o
LOAD ./Drivers/STM32F4xx_HAL_Driver/Src/stm32f4xx_hal_i2c.o
LOAD ./Drivers/STM32F4xx_HAL_Driver/Src/stm32f4xx_hal_i2c_ex.o
LOAD ./Drivers/STM32F4xx_HAL_Driver/Src/stm32f4xx_hal_pwr.o
LOAD ./Drivers/STM32F4xx_HAL_Driver/Src/stm32f4xx_hal_pwr_ex.o
LOAD ./Drivers/STM32F4xx_HAL_Driver/Src/stm32f4xx_hal_rcc.o
LOAD ./Drivers/STM32F4xx_HAL_Driver/Src/stm32f4xx_hal_rcc_ex.o
LOAD ./Drivers/STM32F4xx_HAL_Driver/Src/stm32f4xx_hal_tim.o
LOAD ./Drivers/STM32F4xx_HAL_Driver/Src/stm32f4xx_hal_tim_ex.o
LOAD ./Drivers/STM32F4xx_HAL_Driver/Src/stm32f4xx_hal_uart.o
LOAD ./Drivers/STM32F4xx_HAL_Driver/Src/stm32f4xx_ll_adc.o
LOAD ../Middlewares/Third_Party/ARM_CMSIS/CMSIS/DSP/Lib/GCC\libarm_cortexM4lf_math.a
START GROUP
LOAD c:/st/stm32cubeide_1.11.0/stm32cubeide/plugins/com.st.stm32cube.ide.mcu.externaltools.gnu-tools-for-stm32.10.3-2021.10.win32_1.0.200.202301161003/tools/bin/../lib/gcc/arm-none-eabi/10.3.1/../../../../arm-none-eabi/lib/thumb/v7e-m+fp/hard\libc_nano.a
LOAD c:/st/stm32cubeide_1.11.0/stm32cubeide/plugins/com.st.stm32cube.ide.mcu.externaltools.gnu-tools-for-stm32.10.3-2021.10.win32_1.0.200.202301161003/tools/bin/../lib/gcc/arm-none-eabi/10.3.1/../../../../arm-none-eabi/lib/thumb/v7e-m+fp/hard\libm.a
END GROUP
START GROUP
LOAD c:/st/stm32cubeide_1.11.0/stm32cubeide/plugins/com.st.stm32cube.ide.mcu.externaltools.gnu-tools-for-stm32.10.3-2021.10.win32_1.0.200.202301161003/tools/bin/../lib/gcc/arm-none-eabi/10.3.1/thumb/v7e-m+fp/hard\libgcc.a
LOAD c:/st/stm32cubeide_1.11.0/stm32cubeide/plugins/com.st.stm32cube.ide.mcu.externaltools.gnu-tools-for-stm32.10.3-2021.10.win32_1.0.200.202301161003/tools/bin/../lib/gcc/arm-none-eabi/10.3.1/../../../../arm-none-eabi/lib/thumb/v7e-m+fp/hard\libc_nano.a
END GROUP
START GROUP
LOAD c:/st/stm32cubeide_1.11.0/stm32cubeide/plugins/com.st.stm32cube.ide.mcu.externaltools.gnu-tools-for-stm32.10.3-2021.10.win32_1.0.200.202301161003/tools/bin/../lib/gcc/arm-none-eabi/10.3.1/thumb/v7e-m+fp/hard\libgcc.a
LOAD c:/st/stm32cubeide_1.11.0/stm32cubeide/plugins/com.st.stm32cube.ide.mcu.externaltools.gnu-tools-for-stm32.10.3-2021.10.win32_1.0.200.202301161003/tools/bin/../lib/gcc/arm-none-eabi/10.3.1/../../../../arm-none-eabi/lib/thumb/v7e-m+fp/hard\libc_nano.a
LOAD c:/st/stm32cubeide_1.11.0/stm32cubeide/plugins/com.st.stm32cube.ide.mcu.externaltools.gnu-tools-for-stm32.10.3-2021.10.win32_1.0.200.202301161003/tools/bin/../lib/gcc/arm-none-eabi/10.3.1/../../../../arm-none-eabi/lib/thumb/v7e-m+fp/hard\libnosys.a
END GROUP
START GROUP
LOAD c:/st/stm32cubeide_1.11.0/stm32cubeide/plugins/com.st.stm32cube.ide.mcu.externaltools.gnu-tools-for-stm32.10.3-2021.10.win32_1.0.200.202301161003/tools/bin/../lib/gcc/arm-none-eabi/10.3.1/thumb/v7e-m+fp/hard\libgcc.a
LOAD c:/st/stm32cubeide_1.11.0/stm32cubeide/plugins/com.st.stm32cube.ide.mcu.externaltools.gnu-tools-for-stm32.10.3-2021.10.win32_1.0.200.202301161003/tools/bin/../lib/gcc/arm-none-eabi/10.3.1/../../../../arm-none-eabi/lib/thumb/v7e-m+fp/hard\libc_nano.a
LOAD c:/st/stm32cubeide_1.11.0/stm32cubeide/plugins/com.st.stm32cube.ide.mcu.externaltools.gnu-tools-for-stm32.10.3-2021.10.win32_1.0.200.202301161003/tools/bin/../lib/gcc/arm-none-eabi/10.3.1/../../../../arm-none-eabi/lib/thumb/v7e-m+fp/hard\libnosys.a
END GROUP
LOAD c:/st/stm32cubeide_1.11.0/stm32cubeide/plugins/com.st.stm32cube.ide.mcu.externaltools.gnu-tools-for-stm32.10.3-2021.10.win32_1.0.200.202301161003/tools/bin/../lib/gcc/arm-none-eabi/10.3.1/thumb/v7e-m+fp/hard/crtend.o
LOAD c:/st/stm32cubeide_1.11.0/stm32cubeide/plugins/com.st.stm32cube.ide.mcu.externaltools.gnu-tools-for-stm32.10.3-2021.10.win32_1.0.200.202301161003/tools/bin/../lib/gcc/arm-none-eabi/10.3.1/thumb/v7e-m+fp/hard/crtn.o
                0x0000000020020000                _estack = (ORIGIN (RAM) + LENGTH (RAM))
                0x0000000000000200                _Min_Heap_Size = 0x200
                0x0000000000000400                _Min_Stack_Size = 0x400

.isr_vector     0x0000000008000000      0x198
                0x0000000008000000                . = ALIGN (0x4)
 *(.isr_vector)
 .isr_vector    0x0000000008000000      0x198 ./Core/Startup/startup_stm32f411retx.o
                0x0000000008000000                g_pfnVectors
                0x0000000008000198                . = ALIGN (0x4)

.text           0x0000000008000198     0xbaf4
                0x0000000008000198                . = ALIGN (0x4)
 *(.text)
 .text          0x0000000008000198       0x40 c:/st/stm32cubeide_1.11.0/stm32cubeide/plugins/com.st.stm32cube.ide.mcu.externaltools.gnu-tools-for-stm32.10.3-2021.10.win32_1.0.200.202301161003/tools/bin/../lib/gcc/arm-none-eabi/10.3.1/thumb/v7e-m+fp/hard/crtbegin.o
 .text          0x00000000080001d8      0x378 c:/st/stm32cubeide_1.11.0/stm32cubeide/plugins/com.st.stm32cube.ide.mcu.externaltools.gnu-tools-for-stm32.10.3-2021.10.win32_1.0.200.202301161003/tools/bin/../lib/gcc/arm-none-eabi/10.3.1/thumb/v7e-m+fp/hard\libgcc.a(_arm_addsubdf3.o)
                0x00000000080001d8                __aeabi_drsub
                0x00000000080001e0                __aeabi_dsub
                0x00000000080001e0                __subdf3
                0x00000000080001e4                __aeabi_dadd
                0x00000000080001e4                __adddf3
                0x000000000800045c                __floatunsidf
                0x000000000800045c                __aeabi_ui2d
                0x000000000800047c                __floatsidf
                0x000000000800047c                __aeabi_i2d
                0x00000000080004a0                __aeabi_f2d
                0x00000000080004a0                __extendsfdf2
                0x00000000080004e4                __floatundidf
                0x00000000080004e4                __aeabi_ul2d
                0x00000000080004f4                __floatdidf
                0x00000000080004f4                __aeabi_l2d
 .text          0x0000000008000550      0x424 c:/st/stm32cubeide_1.11.0/stm32cubeide/plugins/com.st.stm32cube.ide.mcu.externaltools.gnu-tools-for-stm32.10.3-2021.10.win32_1.0.200.202301161003/tools/bin/../lib/gcc/arm-none-eabi/10.3.1/thumb/v7e-m+fp/hard\libgcc.a(_arm_muldivdf3.o)
                0x0000000008000550                __aeabi_dmul
                0x0000000008000550                __muldf3
                0x00000000080007a4                __divdf3
                0x00000000080007a4                __aeabi_ddiv
 .text          0x0000000008000974      0x110 c:/st/stm32cubeide_1.11.0/stm32cubeide/plugins/com.st.stm32cube.ide.mcu.externaltools.gnu-tools-for-stm32.10.3-2021.10.win32_1.0.200.202301161003/tools/bin/../lib/gcc/arm-none-eabi/10.3.1/thumb/v7e-m+fp/hard\libgcc.a(_arm_cmpdf2.o)
                0x0000000008000974                __gtdf2
                0x0000000008000974                __gedf2
                0x000000000800097c                __ltdf2
                0x000000000800097c                __ledf2
                0x0000000008000984                __nedf2
                0x0000000008000984                __eqdf2
                0x0000000008000984                __cmpdf2
                0x0000000008000a00                __aeabi_cdrcmple
                0x0000000008000a10                __aeabi_cdcmpeq
                0x0000000008000a10                __aeabi_cdcmple
                0x0000000008000a20                __aeabi_dcmpeq
                0x0000000008000a34                __aeabi_dcmplt
                0x0000000008000a48                __aeabi_dcmple
                0x0000000008000a5c                __aeabi_dcmpge
                0x0000000008000a70                __aeabi_dcmpgt
 .text          0x0000000008000a84       0x50 c:/st/stm32cubeide_1.11.0/stm32cubeide/plugins/com.st.stm32cube.ide.mcu.externaltools.gnu-tools-for-stm32.10.3-2021.10.win32_1.0.200.202301161003/tools/bin/../lib/gcc/arm-none-eabi/10.3.1/thumb/v7e-m+fp/hard\libgcc.a(_arm_fixdfsi.o)
                0x0000000008000a84                __aeabi_d2iz
                0x0000000008000a84                __fixdfsi
 .text          0x0000000008000ad4       0xa0 c:/st/stm32cubeide_1.11.0/stm32cubeide/plugins/com.st.stm32cube.ide.mcu.externaltools.gnu-tools-for-stm32.10.3-2021.10.win32_1.0.200.202301161003/tools/bin/../lib/gcc/arm-none-eabi/10.3.1/thumb/v7e-m+fp/hard\libgcc.a(_arm_truncdfsf2.o)
                0x0000000008000ad4                __truncdfsf2
                0x0000000008000ad4                __aeabi_d2f
 .text          0x0000000008000b74       0x30 c:/st/stm32cubeide_1.11.0/stm32cubeide/plugins/com.st.stm32cube.ide.mcu.externaltools.gnu-tools-for-stm32.10.3-2021.10.win32_1.0.200.202301161003/tools/bin/../lib/gcc/arm-none-eabi/10.3.1/thumb/v7e-m+fp/hard\libgcc.a(_aeabi_uldivmod.o)
                0x0000000008000b74                __aeabi_uldivmod
 .text          0x0000000008000ba4      0x2d0 c:/st/stm32cubeide_1.11.0/stm32cubeide/plugins/com.st.stm32cube.ide.mcu.externaltools.gnu-tools-for-stm32.10.3-2021.10.win32_1.0.200.202301161003/tools/bin/../lib/gcc/arm-none-eabi/10.3.1/thumb/v7e-m+fp/hard\libgcc.a(_udivmoddi4.o)
                0x0000000008000ba4                __udivmoddi4
 .text          0x0000000008000e74        0x4 c:/st/stm32cubeide_1.11.0/stm32cubeide/plugins/com.st.stm32cube.ide.mcu.externaltools.gnu-tools-for-stm32.10.3-2021.10.win32_1.0.200.202301161003/tools/bin/../lib/gcc/arm-none-eabi/10.3.1/thumb/v7e-m+fp/hard\libgcc.a(_dvmd_tls.o)
                0x0000000008000e74                __aeabi_idiv0
                0x0000000008000e74                __aeabi_ldiv0
 *(.text*)
 .text.modbus_1t5_Timeout
                0x0000000008000e78       0x20 ./Core/Src/ModBusRTU.o
                0x0000000008000e78                modbus_1t5_Timeout
 .text.modbus_3t5_Timeout
                0x0000000008000e98       0x20 ./Core/Src/ModBusRTU.o
                0x0000000008000e98                modbus_3t5_Timeout
 .text.modbus_UART_Recived
                0x0000000008000eb8       0x64 ./Core/Src/ModBusRTU.o
                0x0000000008000eb8                modbus_UART_Recived
 .text.Modbus_init
                0x0000000008000f1c       0xac ./Core/Src/ModBusRTU.o
                0x0000000008000f1c                Modbus_init
 .text.CRC16    0x0000000008000fc8       0x6c ./Core/Src/ModBusRTU.o
                0x0000000008000fc8                CRC16
 .text.Modbus_Protocal_Worker
                0x0000000008001034      0x210 ./Core/Src/ModBusRTU.o
                0x0000000008001034                Modbus_Protocal_Worker
 .text.modbusWrite1Register
                0x0000000008001244       0x84 ./Core/Src/ModBusRTU.o
                0x0000000008001244                modbusWrite1Register
 .text.modbusRead1Register
                0x00000000080012c8       0xf4 ./Core/Src/ModBusRTU.o
                0x00000000080012c8                modbusRead1Register
 .text.ModbusErrorReply
                0x00000000080013bc       0x44 ./Core/Src/ModBusRTU.o
                0x00000000080013bc                ModbusErrorReply
 .text.Modbus_frame_response
                0x0000000008001400       0x30 ./Core/Src/ModBusRTU.o
                0x0000000008001400                Modbus_frame_response
 .text.Modbus_Emission
                0x0000000008001430      0x100 ./Core/Src/ModBusRTU.o
                0x0000000008001430                Modbus_Emission
 .text.main     0x0000000008001530      0x228 ./Core/Src/main.o
                0x0000000008001530                main
 .text.SystemClock_Config
                0x0000000008001758       0xd0 ./Core/Src/main.o
                0x0000000008001758                SystemClock_Config
 .text.MX_ADC1_Init
                0x0000000008001828       0xdc ./Core/Src/main.o
 .text.MX_I2C1_Init
                0x0000000008001904       0x5c ./Core/Src/main.o
 .text.MX_TIM2_Init
                0x0000000008001960       0xa8 ./Core/Src/main.o
 .text.MX_TIM3_Init
                0x0000000008001a08       0x9c ./Core/Src/main.o
 .text.MX_TIM5_Init
                0x0000000008001aa4       0xb4 ./Core/Src/main.o
 .text.MX_TIM11_Init
                0x0000000008001b58       0xa8 ./Core/Src/main.o
 .text.MX_USART2_UART_Init
                0x0000000008001c00       0x58 ./Core/Src/main.o
 .text.MX_DMA_Init
                0x0000000008001c58       0x6c ./Core/Src/main.o
 .text.MX_GPIO_Init
                0x0000000008001cc4      0x138 ./Core/Src/main.o
 .text.heartbeat
                0x0000000008001dfc       0x34 ./Core/Src/main.o
                0x0000000008001dfc                heartbeat
 .text.simple_value
                0x0000000008001e30      0x1c0 ./Core/Src/main.o
                0x0000000008001e30                simple_value
 .text.Joystick
                0x0000000008001ff0      0x26c ./Core/Src/main.o
                0x0000000008001ff0                Joystick
 .text.main_trajectory
                0x000000000800225c       0xa8 ./Core/Src/main.o
                0x000000000800225c                main_trajectory
 *fill*         0x0000000008002304        0x4 
 .text.Trapzoidal_viapoint
                0x0000000008002308      0x748 ./Core/Src/main.o
                0x0000000008002308                Trapzoidal_viapoint
 .text.Trapzoidal_pick_place
                0x0000000008002a50      0x748 ./Core/Src/main.o
                0x0000000008002a50                Trapzoidal_pick_place
 .text.PID_plan2
                0x0000000008003198      0x184 ./Core/Src/main.o
                0x0000000008003198                PID_plan2
 *fill*         0x000000000800331c        0x4 
 .text.motor_control
                0x0000000008003320      0x2e0 ./Core/Src/main.o
                0x0000000008003320                motor_control
 .text.motor_control_pick_place
                0x0000000008003600      0x2c8 ./Core/Src/main.o
                0x0000000008003600                motor_control_pick_place
 .text.find_diagonal_X
                0x00000000080038c8      0x248 ./Core/Src/main.o
                0x00000000080038c8                find_diagonal_X
 .text.calculate
                0x0000000008003b10      0x294 ./Core/Src/main.o
                0x0000000008003b10                calculate
 .text.home_setpoint
                0x0000000008003da4      0x124 ./Core/Src/main.o
                0x0000000008003da4                home_setpoint
 .text.MainStateMechine
                0x0000000008003ec8      0x288 ./Core/Src/main.o
                0x0000000008003ec8                MainStateMechine
 .text.softResetMode
                0x0000000008004150       0x28 ./Core/Src/main.o
                0x0000000008004150                softResetMode
 .text.EmergencyMode
                0x0000000008004178       0x28 ./Core/Src/main.o
                0x0000000008004178                EmergencyMode
 .text.stopEmergencyMode
                0x00000000080041a0       0x28 ./Core/Src/main.o
                0x00000000080041a0                stopEmergencyMode
 .text.startTestMode
                0x00000000080041c8       0x28 ./Core/Src/main.o
                0x00000000080041c8                startTestMode
 .text.stopTestMode
                0x00000000080041f0       0x28 ./Core/Src/main.o
                0x00000000080041f0                stopTestMode
 .text.readStatus
                0x0000000008004218       0x28 ./Core/Src/main.o
                0x0000000008004218                readStatus
 .text.startRunMode
                0x0000000008004240       0x28 ./Core/Src/main.o
                0x0000000008004240                startRunMode
 .text.stopRunMode
                0x0000000008004268       0x28 ./Core/Src/main.o
                0x0000000008004268                stopRunMode
 .text.pickMode
                0x0000000008004290       0x28 ./Core/Src/main.o
                0x0000000008004290                pickMode
 .text.placeMode
                0x00000000080042b8       0x28 ./Core/Src/main.o
                0x00000000080042b8                placeMode
 .text.modeControl
                0x00000000080042e0       0xdc ./Core/Src/main.o
                0x00000000080042e0                modeControl
 .text.HAL_I2C_MasterTxCpltCallback
                0x00000000080043bc       0x20 ./Core/Src/main.o
                0x00000000080043bc                HAL_I2C_MasterTxCpltCallback
 .text.HAL_I2C_MasterRxCpltCallback
                0x00000000080043dc       0x20 ./Core/Src/main.o
                0x00000000080043dc                HAL_I2C_MasterRxCpltCallback
 .text.Error_Handler
                0x00000000080043fc        0xa ./Core/Src/main.o
                0x00000000080043fc                Error_Handler
 *fill*         0x0000000008004406        0x2 
 .text.HAL_MspInit
                0x0000000008004408       0x50 ./Core/Src/stm32f4xx_hal_msp.o
                0x0000000008004408                HAL_MspInit
 .text.HAL_ADC_MspInit
                0x0000000008004458      0x128 ./Core/Src/stm32f4xx_hal_msp.o
                0x0000000008004458                HAL_ADC_MspInit
 .text.HAL_I2C_MspInit
                0x0000000008004580       0xb0 ./Core/Src/stm32f4xx_hal_msp.o
                0x0000000008004580                HAL_I2C_MspInit
 .text.HAL_TIM_Encoder_MspInit
                0x0000000008004630       0x9c ./Core/Src/stm32f4xx_hal_msp.o
                0x0000000008004630                HAL_TIM_Encoder_MspInit
 .text.HAL_TIM_Base_MspInit
                0x00000000080046cc       0x8c ./Core/Src/stm32f4xx_hal_msp.o
                0x00000000080046cc                HAL_TIM_Base_MspInit
 .text.HAL_TIM_PWM_MspInit
                0x0000000008004758       0x44 ./Core/Src/stm32f4xx_hal_msp.o
                0x0000000008004758                HAL_TIM_PWM_MspInit
 .text.HAL_TIM_MspPostInit
                0x000000000800479c       0x74 ./Core/Src/stm32f4xx_hal_msp.o
                0x000000000800479c                HAL_TIM_MspPostInit
 .text.HAL_UART_MspInit
                0x0000000008004810      0x104 ./Core/Src/stm32f4xx_hal_msp.o
                0x0000000008004810                HAL_UART_MspInit
 .text.NMI_Handler
                0x0000000008004914        0x6 ./Core/Src/stm32f4xx_it.o
                0x0000000008004914                NMI_Handler
 .text.HardFault_Handler
                0x000000000800491a        0x6 ./Core/Src/stm32f4xx_it.o
                0x000000000800491a                HardFault_Handler
 .text.MemManage_Handler
                0x0000000008004920        0x6 ./Core/Src/stm32f4xx_it.o
                0x0000000008004920                MemManage_Handler
 .text.BusFault_Handler
                0x0000000008004926        0x6 ./Core/Src/stm32f4xx_it.o
                0x0000000008004926                BusFault_Handler
 .text.UsageFault_Handler
                0x000000000800492c        0x6 ./Core/Src/stm32f4xx_it.o
                0x000000000800492c                UsageFault_Handler
 .text.SVC_Handler
                0x0000000008004932        0xe ./Core/Src/stm32f4xx_it.o
                0x0000000008004932                SVC_Handler
 .text.DebugMon_Handler
                0x0000000008004940        0xe ./Core/Src/stm32f4xx_it.o
                0x0000000008004940                DebugMon_Handler
 .text.PendSV_Handler
                0x000000000800494e        0xe ./Core/Src/stm32f4xx_it.o
                0x000000000800494e                PendSV_Handler
 .text.SysTick_Handler
                0x000000000800495c        0xc ./Core/Src/stm32f4xx_it.o
                0x000000000800495c                SysTick_Handler
 .text.DMA1_Stream6_IRQHandler
                0x0000000008004968       0x14 ./Core/Src/stm32f4xx_it.o
                0x0000000008004968                DMA1_Stream6_IRQHandler
 .text.TIM1_TRG_COM_TIM11_IRQHandler
                0x000000000800497c       0x14 ./Core/Src/stm32f4xx_it.o
                0x000000000800497c                TIM1_TRG_COM_TIM11_IRQHandler
 .text.TIM2_IRQHandler
                0x0000000008004990       0x14 ./Core/Src/stm32f4xx_it.o
                0x0000000008004990                TIM2_IRQHandler
 .text.TIM3_IRQHandler
                0x00000000080049a4       0x14 ./Core/Src/stm32f4xx_it.o
                0x00000000080049a4                TIM3_IRQHandler
 .text.I2C1_EV_IRQHandler
                0x00000000080049b8       0x14 ./Core/Src/stm32f4xx_it.o
                0x00000000080049b8                I2C1_EV_IRQHandler
 .text.I2C1_ER_IRQHandler
                0x00000000080049cc       0x14 ./Core/Src/stm32f4xx_it.o
                0x00000000080049cc                I2C1_ER_IRQHandler
 .text.USART2_IRQHandler
                0x00000000080049e0       0x14 ./Core/Src/stm32f4xx_it.o
                0x00000000080049e0                USART2_IRQHandler
 .text.DMA2_Stream0_IRQHandler
                0x00000000080049f4       0x14 ./Core/Src/stm32f4xx_it.o
                0x00000000080049f4                DMA2_Stream0_IRQHandler
 .text.SystemInit
                0x0000000008004a08       0x24 ./Core/Src/system_stm32f4xx.o
                0x0000000008004a08                SystemInit
 .text.Reset_Handler
                0x0000000008004a2c       0x50 ./Core/Startup/startup_stm32f411retx.o
                0x0000000008004a2c                Reset_Handler
 .text.Default_Handler
                0x0000000008004a7c        0x2 ./Core/Startup/startup_stm32f411retx.o
                0x0000000008004a7c                RTC_Alarm_IRQHandler
                0x0000000008004a7c                EXTI2_IRQHandler
                0x0000000008004a7c                SPI4_IRQHandler
                0x0000000008004a7c                TIM1_CC_IRQHandler
                0x0000000008004a7c                DMA2_Stream5_IRQHandler
                0x0000000008004a7c                DMA1_Stream5_IRQHandler
                0x0000000008004a7c                PVD_IRQHandler
                0x0000000008004a7c                SDIO_IRQHandler
                0x0000000008004a7c                TAMP_STAMP_IRQHandler
                0x0000000008004a7c                EXTI3_IRQHandler
                0x0000000008004a7c                TIM1_UP_TIM10_IRQHandler
                0x0000000008004a7c                I2C3_ER_IRQHandler
                0x0000000008004a7c                EXTI0_IRQHandler
                0x0000000008004a7c                I2C2_EV_IRQHandler
                0x0000000008004a7c                DMA1_Stream2_IRQHandler
                0x0000000008004a7c                FPU_IRQHandler
                0x0000000008004a7c                DMA2_Stream2_IRQHandler
                0x0000000008004a7c                SPI1_IRQHandler
                0x0000000008004a7c                TIM1_BRK_TIM9_IRQHandler
                0x0000000008004a7c                DMA2_Stream3_IRQHandler
                0x0000000008004a7c                USART6_IRQHandler
                0x0000000008004a7c                TIM4_IRQHandler
                0x0000000008004a7c                DMA1_Stream1_IRQHandler
                0x0000000008004a7c                RCC_IRQHandler
                0x0000000008004a7c                Default_Handler
                0x0000000008004a7c                EXTI15_10_IRQHandler
                0x0000000008004a7c                ADC_IRQHandler
                0x0000000008004a7c                DMA1_Stream7_IRQHandler
                0x0000000008004a7c                SPI5_IRQHandler
                0x0000000008004a7c                TIM5_IRQHandler
                0x0000000008004a7c                DMA2_Stream7_IRQHandler
                0x0000000008004a7c                I2C3_EV_IRQHandler
                0x0000000008004a7c                EXTI9_5_IRQHandler
                0x0000000008004a7c                RTC_WKUP_IRQHandler
                0x0000000008004a7c                SPI2_IRQHandler
                0x0000000008004a7c                DMA1_Stream0_IRQHandler
                0x0000000008004a7c                EXTI4_IRQHandler
                0x0000000008004a7c                WWDG_IRQHandler
                0x0000000008004a7c                OTG_FS_WKUP_IRQHandler
                0x0000000008004a7c                EXTI1_IRQHandler
                0x0000000008004a7c                I2C2_ER_IRQHandler
                0x0000000008004a7c                DMA2_Stream1_IRQHandler
                0x0000000008004a7c                FLASH_IRQHandler
                0x0000000008004a7c                DMA2_Stream4_IRQHandler
                0x0000000008004a7c                USART1_IRQHandler
                0x0000000008004a7c                OTG_FS_IRQHandler
                0x0000000008004a7c                SPI3_IRQHandler
                0x0000000008004a7c                DMA1_Stream4_IRQHandler
                0x0000000008004a7c                DMA2_Stream6_IRQHandler
                0x0000000008004a7c                DMA1_Stream3_IRQHandler
 *fill*         0x0000000008004a7e        0x2 
 .text.HAL_Init
                0x0000000008004a80       0x44 ./Drivers/STM32F4xx_HAL_Driver/Src/stm32f4xx_hal.o
                0x0000000008004a80                HAL_Init
 .text.HAL_InitTick
                0x0000000008004ac4       0x60 ./Drivers/STM32F4xx_HAL_Driver/Src/stm32f4xx_hal.o
                0x0000000008004ac4                HAL_InitTick
 .text.HAL_IncTick
                0x0000000008004b24       0x28 ./Drivers/STM32F4xx_HAL_Driver/Src/stm32f4xx_hal.o
                0x0000000008004b24                HAL_IncTick
 .text.HAL_GetTick
                0x0000000008004b4c       0x18 ./Drivers/STM32F4xx_HAL_Driver/Src/stm32f4xx_hal.o
                0x0000000008004b4c                HAL_GetTick
 .text.HAL_Delay
                0x0000000008004b64       0x48 ./Drivers/STM32F4xx_HAL_Driver/Src/stm32f4xx_hal.o
                0x0000000008004b64                HAL_Delay
 .text.HAL_ADC_Init
                0x0000000008004bac       0x86 ./Drivers/STM32F4xx_HAL_Driver/Src/stm32f4xx_hal_adc.o
                0x0000000008004bac                HAL_ADC_Init
 *fill*         0x0000000008004c32        0x2 
 .text.HAL_ADC_Start_DMA
                0x0000000008004c34      0x1e0 ./Drivers/STM32F4xx_HAL_Driver/Src/stm32f4xx_hal_adc.o
                0x0000000008004c34                HAL_ADC_Start_DMA
 .text.HAL_ADC_ConvCpltCallback
                0x0000000008004e14       0x14 ./Drivers/STM32F4xx_HAL_Driver/Src/stm32f4xx_hal_adc.o
                0x0000000008004e14                HAL_ADC_ConvCpltCallback
 .text.HAL_ADC_ConvHalfCpltCallback
                0x0000000008004e28       0x14 ./Drivers/STM32F4xx_HAL_Driver/Src/stm32f4xx_hal_adc.o
                0x0000000008004e28                HAL_ADC_ConvHalfCpltCallback
 .text.HAL_ADC_ErrorCallback
                0x0000000008004e3c       0x14 ./Drivers/STM32F4xx_HAL_Driver/Src/stm32f4xx_hal_adc.o
                0x0000000008004e3c                HAL_ADC_ErrorCallback
 .text.HAL_ADC_ConfigChannel
                0x0000000008004e50      0x264 ./Drivers/STM32F4xx_HAL_Driver/Src/stm32f4xx_hal_adc.o
                0x0000000008004e50                HAL_ADC_ConfigChannel
 .text.ADC_Init
                0x00000000080050b4      0x1f8 ./Drivers/STM32F4xx_HAL_Driver/Src/stm32f4xx_hal_adc.o
 .text.ADC_DMAConvCplt
                0x00000000080052ac       0xba ./Drivers/STM32F4xx_HAL_Driver/Src/stm32f4xx_hal_adc.o
 .text.ADC_DMAHalfConvCplt
                0x0000000008005366       0x1c ./Drivers/STM32F4xx_HAL_Driver/Src/stm32f4xx_hal_adc.o
 .text.ADC_DMAError
                0x0000000008005382       0x2e ./Drivers/STM32F4xx_HAL_Driver/Src/stm32f4xx_hal_adc.o
 .text.__NVIC_SetPriorityGrouping
                0x00000000080053b0       0x48 ./Drivers/STM32F4xx_HAL_Driver/Src/stm32f4xx_hal_cortex.o
 .text.__NVIC_GetPriorityGrouping
                0x00000000080053f8       0x1c ./Drivers/STM32F4xx_HAL_Driver/Src/stm32f4xx_hal_cortex.o
 .text.__NVIC_EnableIRQ
                0x0000000008005414       0x3c ./Drivers/STM32F4xx_HAL_Driver/Src/stm32f4xx_hal_cortex.o
 .text.__NVIC_SetPriority
                0x0000000008005450       0x54 ./Drivers/STM32F4xx_HAL_Driver/Src/stm32f4xx_hal_cortex.o
 .text.NVIC_EncodePriority
                0x00000000080054a4       0x66 ./Drivers/STM32F4xx_HAL_Driver/Src/stm32f4xx_hal_cortex.o
 *fill*         0x000000000800550a        0x2 
 .text.SysTick_Config
                0x000000000800550c       0x44 ./Drivers/STM32F4xx_HAL_Driver/Src/stm32f4xx_hal_cortex.o
 .text.HAL_NVIC_SetPriorityGrouping
                0x0000000008005550       0x16 ./Drivers/STM32F4xx_HAL_Driver/Src/stm32f4xx_hal_cortex.o
                0x0000000008005550                HAL_NVIC_SetPriorityGrouping
 .text.HAL_NVIC_SetPriority
                0x0000000008005566       0x38 ./Drivers/STM32F4xx_HAL_Driver/Src/stm32f4xx_hal_cortex.o
                0x0000000008005566                HAL_NVIC_SetPriority
 .text.HAL_NVIC_EnableIRQ
                0x000000000800559e       0x1c ./Drivers/STM32F4xx_HAL_Driver/Src/stm32f4xx_hal_cortex.o
                0x000000000800559e                HAL_NVIC_EnableIRQ
 .text.HAL_SYSTICK_Config
                0x00000000080055ba       0x18 ./Drivers/STM32F4xx_HAL_Driver/Src/stm32f4xx_hal_cortex.o
                0x00000000080055ba                HAL_SYSTICK_Config
 *fill*         0x00000000080055d2        0x2 
 .text.HAL_DMA_Init
                0x00000000080055d4      0x15c ./Drivers/STM32F4xx_HAL_Driver/Src/stm32f4xx_hal_dma.o
                0x00000000080055d4                HAL_DMA_Init
 .text.HAL_DMA_Start_IT
                0x0000000008005730       0xb0 ./Drivers/STM32F4xx_HAL_Driver/Src/stm32f4xx_hal_dma.o
                0x0000000008005730                HAL_DMA_Start_IT
 .text.HAL_DMA_Abort
                0x00000000080057e0       0xe0 ./Drivers/STM32F4xx_HAL_Driver/Src/stm32f4xx_hal_dma.o
                0x00000000080057e0                HAL_DMA_Abort
 .text.HAL_DMA_Abort_IT
                0x00000000080058c0       0x44 ./Drivers/STM32F4xx_HAL_Driver/Src/stm32f4xx_hal_dma.o
                0x00000000080058c0                HAL_DMA_Abort_IT
 .text.HAL_DMA_IRQHandler
                0x0000000008005904      0x314 ./Drivers/STM32F4xx_HAL_Driver/Src/stm32f4xx_hal_dma.o
                0x0000000008005904                HAL_DMA_IRQHandler
 .text.HAL_DMA_GetState
                0x0000000008005c18       0x1c ./Drivers/STM32F4xx_HAL_Driver/Src/stm32f4xx_hal_dma.o
                0x0000000008005c18                HAL_DMA_GetState
 .text.HAL_DMA_GetError
                0x0000000008005c34       0x18 ./Drivers/STM32F4xx_HAL_Driver/Src/stm32f4xx_hal_dma.o
                0x0000000008005c34                HAL_DMA_GetError
 .text.DMA_SetConfig
                0x0000000008005c4c       0x5c ./Drivers/STM32F4xx_HAL_Driver/Src/stm32f4xx_hal_dma.o
 .text.DMA_CalcBaseAndBitshift
                0x0000000008005ca8       0x6c ./Drivers/STM32F4xx_HAL_Driver/Src/stm32f4xx_hal_dma.o
 .text.DMA_CheckFifoParam
                0x0000000008005d14       0xf8 ./Drivers/STM32F4xx_HAL_Driver/Src/stm32f4xx_hal_dma.o
 .text.HAL_GPIO_Init
                0x0000000008005e0c      0x308 ./Drivers/STM32F4xx_HAL_Driver/Src/stm32f4xx_hal_gpio.o
                0x0000000008005e0c                HAL_GPIO_Init
 .text.HAL_GPIO_ReadPin
                0x0000000008006114       0x30 ./Drivers/STM32F4xx_HAL_Driver/Src/stm32f4xx_hal_gpio.o
                0x0000000008006114                HAL_GPIO_ReadPin
 .text.HAL_GPIO_WritePin
                0x0000000008006144       0x32 ./Drivers/STM32F4xx_HAL_Driver/Src/stm32f4xx_hal_gpio.o
                0x0000000008006144                HAL_GPIO_WritePin
 *fill*         0x0000000008006176        0x2 
 .text.HAL_I2C_Init
                0x0000000008006178      0x288 ./Drivers/STM32F4xx_HAL_Driver/Src/stm32f4xx_hal_i2c.o
                0x0000000008006178                HAL_I2C_Init
 .text.HAL_I2C_Master_Transmit_IT
                0x0000000008006400      0x14c ./Drivers/STM32F4xx_HAL_Driver/Src/stm32f4xx_hal_i2c.o
                0x0000000008006400                HAL_I2C_Master_Transmit_IT
 .text.HAL_I2C_Master_Receive_IT
                0x000000000800654c      0x15c ./Drivers/STM32F4xx_HAL_Driver/Src/stm32f4xx_hal_i2c.o
                0x000000000800654c                HAL_I2C_Master_Receive_IT
 .text.HAL_I2C_EV_IRQHandler
                0x00000000080066a8      0x2e2 ./Drivers/STM32F4xx_HAL_Driver/Src/stm32f4xx_hal_i2c.o
                0x00000000080066a8                HAL_I2C_EV_IRQHandler
 .text.HAL_I2C_ER_IRQHandler
                0x000000000800698a      0x14e ./Drivers/STM32F4xx_HAL_Driver/Src/stm32f4xx_hal_i2c.o
                0x000000000800698a                HAL_I2C_ER_IRQHandler
 .text.HAL_I2C_SlaveTxCpltCallback
                0x0000000008006ad8       0x14 ./Drivers/STM32F4xx_HAL_Driver/Src/stm32f4xx_hal_i2c.o
                0x0000000008006ad8                HAL_I2C_SlaveTxCpltCallback
 .text.HAL_I2C_SlaveRxCpltCallback
                0x0000000008006aec       0x14 ./Drivers/STM32F4xx_HAL_Driver/Src/stm32f4xx_hal_i2c.o
                0x0000000008006aec                HAL_I2C_SlaveRxCpltCallback
 .text.HAL_I2C_AddrCallback
                0x0000000008006b00       0x1c ./Drivers/STM32F4xx_HAL_Driver/Src/stm32f4xx_hal_i2c.o
                0x0000000008006b00                HAL_I2C_AddrCallback
 .text.HAL_I2C_ListenCpltCallback
                0x0000000008006b1c       0x14 ./Drivers/STM32F4xx_HAL_Driver/Src/stm32f4xx_hal_i2c.o
                0x0000000008006b1c                HAL_I2C_ListenCpltCallback
 .text.HAL_I2C_MemTxCpltCallback
                0x0000000008006b30       0x14 ./Drivers/STM32F4xx_HAL_Driver/Src/stm32f4xx_hal_i2c.o
                0x0000000008006b30                HAL_I2C_MemTxCpltCallback
 .text.HAL_I2C_MemRxCpltCallback
                0x0000000008006b44       0x14 ./Drivers/STM32F4xx_HAL_Driver/Src/stm32f4xx_hal_i2c.o
                0x0000000008006b44                HAL_I2C_MemRxCpltCallback
 .text.HAL_I2C_ErrorCallback
                0x0000000008006b58       0x14 ./Drivers/STM32F4xx_HAL_Driver/Src/stm32f4xx_hal_i2c.o
                0x0000000008006b58                HAL_I2C_ErrorCallback
 .text.HAL_I2C_AbortCpltCallback
                0x0000000008006b6c       0x14 ./Drivers/STM32F4xx_HAL_Driver/Src/stm32f4xx_hal_i2c.o
                0x0000000008006b6c                HAL_I2C_AbortCpltCallback
 .text.I2C_MasterTransmit_TXE
                0x0000000008006b80      0x138 ./Drivers/STM32F4xx_HAL_Driver/Src/stm32f4xx_hal_i2c.o
 .text.I2C_MasterTransmit_BTF
                0x0000000008006cb8       0xec ./Drivers/STM32F4xx_HAL_Driver/Src/stm32f4xx_hal_i2c.o
 .text.I2C_MemoryTransmit_TXE_BTF
                0x0000000008006da4      0x128 ./Drivers/STM32F4xx_HAL_Driver/Src/stm32f4xx_hal_i2c.o
 .text.I2C_MasterReceive_RXNE
                0x0000000008006ecc      0x176 ./Drivers/STM32F4xx_HAL_Driver/Src/stm32f4xx_hal_i2c.o
 .text.I2C_MasterReceive_BTF
                0x0000000008007042      0x1d4 ./Drivers/STM32F4xx_HAL_Driver/Src/stm32f4xx_hal_i2c.o
 .text.I2C_Master_SB
                0x0000000008007216      0x10c ./Drivers/STM32F4xx_HAL_Driver/Src/stm32f4xx_hal_i2c.o
 .text.I2C_Master_ADD10
                0x0000000008007322       0x54 ./Drivers/STM32F4xx_HAL_Driver/Src/stm32f4xx_hal_i2c.o
 .text.I2C_Master_ADDR
                0x0000000008007376      0x322 ./Drivers/STM32F4xx_HAL_Driver/Src/stm32f4xx_hal_i2c.o
 .text.I2C_SlaveTransmit_TXE
                0x0000000008007698       0x7a ./Drivers/STM32F4xx_HAL_Driver/Src/stm32f4xx_hal_i2c.o
 .text.I2C_SlaveTransmit_BTF
                0x0000000008007712       0x42 ./Drivers/STM32F4xx_HAL_Driver/Src/stm32f4xx_hal_i2c.o
 .text.I2C_SlaveReceive_RXNE
                0x0000000008007754       0x7c ./Drivers/STM32F4xx_HAL_Driver/Src/stm32f4xx_hal_i2c.o
 .text.I2C_SlaveReceive_BTF
                0x00000000080077d0       0x44 ./Drivers/STM32F4xx_HAL_Driver/Src/stm32f4xx_hal_i2c.o
 .text.I2C_Slave_ADDR
                0x0000000008007814       0x94 ./Drivers/STM32F4xx_HAL_Driver/Src/stm32f4xx_hal_i2c.o
 .text.I2C_Slave_STOPF
                0x00000000080078a8      0x260 ./Drivers/STM32F4xx_HAL_Driver/Src/stm32f4xx_hal_i2c.o
 .text.I2C_Slave_AF
                0x0000000008007b08       0xe0 ./Drivers/STM32F4xx_HAL_Driver/Src/stm32f4xx_hal_i2c.o
 .text.I2C_ITError
                0x0000000008007be8      0x264 ./Drivers/STM32F4xx_HAL_Driver/Src/stm32f4xx_hal_i2c.o
 .text.I2C_DMAAbort
                0x0000000008007e4c      0x150 ./Drivers/STM32F4xx_HAL_Driver/Src/stm32f4xx_hal_i2c.o
 .text.I2C_WaitOnSTOPRequestThroughIT
                0x0000000008007f9c       0x64 ./Drivers/STM32F4xx_HAL_Driver/Src/stm32f4xx_hal_i2c.o
 .text.I2C_ConvertOtherXferOptions
                0x0000000008008000       0x36 ./Drivers/STM32F4xx_HAL_Driver/Src/stm32f4xx_hal_i2c.o
 *fill*         0x0000000008008036        0x2 
 .text.HAL_RCC_OscConfig
                0x0000000008008038      0x4f0 ./Drivers/STM32F4xx_HAL_Driver/Src/stm32f4xx_hal_rcc.o
                0x0000000008008038                HAL_RCC_OscConfig
 .text.HAL_RCC_ClockConfig
                0x0000000008008528      0x1cc ./Drivers/STM32F4xx_HAL_Driver/Src/stm32f4xx_hal_rcc.o
                0x0000000008008528                HAL_RCC_ClockConfig
 .text.HAL_RCC_GetSysClockFreq
                0x00000000080086f4      0x20c ./Drivers/STM32F4xx_HAL_Driver/Src/stm32f4xx_hal_rcc.o
                0x00000000080086f4                HAL_RCC_GetSysClockFreq
 .text.HAL_RCC_GetHCLKFreq
                0x0000000008008900       0x18 ./Drivers/STM32F4xx_HAL_Driver/Src/stm32f4xx_hal_rcc.o
                0x0000000008008900                HAL_RCC_GetHCLKFreq
 .text.HAL_RCC_GetPCLK1Freq
                0x0000000008008918       0x28 ./Drivers/STM32F4xx_HAL_Driver/Src/stm32f4xx_hal_rcc.o
                0x0000000008008918                HAL_RCC_GetPCLK1Freq
 .text.HAL_RCC_GetPCLK2Freq
                0x0000000008008940       0x28 ./Drivers/STM32F4xx_HAL_Driver/Src/stm32f4xx_hal_rcc.o
                0x0000000008008940                HAL_RCC_GetPCLK2Freq
 .text.HAL_TIM_Base_Init
                0x0000000008008968       0xb8 ./Drivers/STM32F4xx_HAL_Driver/Src/stm32f4xx_hal_tim.o
                0x0000000008008968                HAL_TIM_Base_Init
 .text.HAL_TIM_Base_Start
                0x0000000008008a20       0xb4 ./Drivers/STM32F4xx_HAL_Driver/Src/stm32f4xx_hal_tim.o
                0x0000000008008a20                HAL_TIM_Base_Start
 .text.HAL_TIM_Base_Start_IT
                0x0000000008008ad4       0xc4 ./Drivers/STM32F4xx_HAL_Driver/Src/stm32f4xx_hal_tim.o
                0x0000000008008ad4                HAL_TIM_Base_Start_IT
 .text.HAL_TIM_OC_Init
                0x0000000008008b98       0xb8 ./Drivers/STM32F4xx_HAL_Driver/Src/stm32f4xx_hal_tim.o
                0x0000000008008b98                HAL_TIM_OC_Init
 .text.HAL_TIM_OC_MspInit
                0x0000000008008c50       0x14 ./Drivers/STM32F4xx_HAL_Driver/Src/stm32f4xx_hal_tim.o
                0x0000000008008c50                HAL_TIM_OC_MspInit
 .text.HAL_TIM_PWM_Init
                0x0000000008008c64       0xb8 ./Drivers/STM32F4xx_HAL_Driver/Src/stm32f4xx_hal_tim.o
                0x0000000008008c64                HAL_TIM_PWM_Init
 .text.HAL_TIM_PWM_Start
                0x0000000008008d1c      0x160 ./Drivers/STM32F4xx_HAL_Driver/Src/stm32f4xx_hal_tim.o
                0x0000000008008d1c                HAL_TIM_PWM_Start
 .text.HAL_TIM_OnePulse_Init
                0x0000000008008e7c       0xbc ./Drivers/STM32F4xx_HAL_Driver/Src/stm32f4xx_hal_tim.o
                0x0000000008008e7c                HAL_TIM_OnePulse_Init
 .text.HAL_TIM_OnePulse_MspInit
                0x0000000008008f38       0x14 ./Drivers/STM32F4xx_HAL_Driver/Src/stm32f4xx_hal_tim.o
                0x0000000008008f38                HAL_TIM_OnePulse_MspInit
 .text.HAL_TIM_OnePulse_Start_IT
                0x0000000008008f4c       0xcc ./Drivers/STM32F4xx_HAL_Driver/Src/stm32f4xx_hal_tim.o
                0x0000000008008f4c                HAL_TIM_OnePulse_Start_IT
 .text.HAL_TIM_Encoder_Init
                0x0000000008009018      0x168 ./Drivers/STM32F4xx_HAL_Driver/Src/stm32f4xx_hal_tim.o
                0x0000000008009018                HAL_TIM_Encoder_Init
 .text.HAL_TIM_Encoder_Start
                0x0000000008009180      0x11c ./Drivers/STM32F4xx_HAL_Driver/Src/stm32f4xx_hal_tim.o
                0x0000000008009180                HAL_TIM_Encoder_Start
 .text.HAL_TIM_IRQHandler
                0x000000000800929c      0x250 ./Drivers/STM32F4xx_HAL_Driver/Src/stm32f4xx_hal_tim.o
                0x000000000800929c                HAL_TIM_IRQHandler
 .text.HAL_TIM_OC_ConfigChannel
                0x00000000080094ec       0xb8 ./Drivers/STM32F4xx_HAL_Driver/Src/stm32f4xx_hal_tim.o
                0x00000000080094ec                HAL_TIM_OC_ConfigChannel
 .text.HAL_TIM_PWM_ConfigChannel
                0x00000000080095a4      0x184 ./Drivers/STM32F4xx_HAL_Driver/Src/stm32f4xx_hal_tim.o
                0x00000000080095a4                HAL_TIM_PWM_ConfigChannel
 .text.HAL_TIM_ConfigClockSource
                0x0000000008009728      0x18e ./Drivers/STM32F4xx_HAL_Driver/Src/stm32f4xx_hal_tim.o
                0x0000000008009728                HAL_TIM_ConfigClockSource
 .text.HAL_TIM_PeriodElapsedCallback
                0x00000000080098b6       0x14 ./Drivers/STM32F4xx_HAL_Driver/Src/stm32f4xx_hal_tim.o
                0x00000000080098b6                HAL_TIM_PeriodElapsedCallback
 .text.HAL_TIM_PeriodElapsedHalfCpltCallback
                0x00000000080098ca       0x14 ./Drivers/STM32F4xx_HAL_Driver/Src/stm32f4xx_hal_tim.o
                0x00000000080098ca                HAL_TIM_PeriodElapsedHalfCpltCallback
 .text.HAL_TIM_OC_DelayElapsedCallback
                0x00000000080098de       0x14 ./Drivers/STM32F4xx_HAL_Driver/Src/stm32f4xx_hal_tim.o
                0x00000000080098de                HAL_TIM_OC_DelayElapsedCallback
 .text.HAL_TIM_IC_CaptureCallback
                0x00000000080098f2       0x14 ./Drivers/STM32F4xx_HAL_Driver/Src/stm32f4xx_hal_tim.o
                0x00000000080098f2                HAL_TIM_IC_CaptureCallback
 .text.HAL_TIM_IC_CaptureHalfCpltCallback
                0x0000000008009906       0x14 ./Drivers/STM32F4xx_HAL_Driver/Src/stm32f4xx_hal_tim.o
                0x0000000008009906                HAL_TIM_IC_CaptureHalfCpltCallback
 .text.HAL_TIM_PWM_PulseFinishedCallback
                0x000000000800991a       0x14 ./Drivers/STM32F4xx_HAL_Driver/Src/stm32f4xx_hal_tim.o
                0x000000000800991a                HAL_TIM_PWM_PulseFinishedCallback
 .text.HAL_TIM_PWM_PulseFinishedHalfCpltCallback
                0x000000000800992e       0x14 ./Drivers/STM32F4xx_HAL_Driver/Src/stm32f4xx_hal_tim.o
                0x000000000800992e                HAL_TIM_PWM_PulseFinishedHalfCpltCallback
 .text.HAL_TIM_TriggerCallback
                0x0000000008009942       0x14 ./Drivers/STM32F4xx_HAL_Driver/Src/stm32f4xx_hal_tim.o
                0x0000000008009942                HAL_TIM_TriggerCallback
 .text.HAL_TIM_TriggerHalfCpltCallback
                0x0000000008009956       0x14 ./Drivers/STM32F4xx_HAL_Driver/Src/stm32f4xx_hal_tim.o
                0x0000000008009956                HAL_TIM_TriggerHalfCpltCallback
 .text.HAL_TIM_ErrorCallback
                0x000000000800996a       0x14 ./Drivers/STM32F4xx_HAL_Driver/Src/stm32f4xx_hal_tim.o
                0x000000000800996a                HAL_TIM_ErrorCallback
 *fill*         0x000000000800997e        0x2 
 .text.HAL_TIM_RegisterCallback
                0x0000000008009980      0x294 ./Drivers/STM32F4xx_HAL_Driver/Src/stm32f4xx_hal_tim.o
                0x0000000008009980                HAL_TIM_RegisterCallback
 .text.TIM_Base_SetConfig
                0x0000000008009c14      0x100 ./Drivers/STM32F4xx_HAL_Driver/Src/stm32f4xx_hal_tim.o
                0x0000000008009c14                TIM_Base_SetConfig
 .text.TIM_OC1_SetConfig
                0x0000000008009d14       0xcc ./Drivers/STM32F4xx_HAL_Driver/Src/stm32f4xx_hal_tim.o
 .text.TIM_OC2_SetConfig
                0x0000000008009de0       0xd8 ./Drivers/STM32F4xx_HAL_Driver/Src/stm32f4xx_hal_tim.o
                0x0000000008009de0                TIM_OC2_SetConfig
 .text.TIM_OC3_SetConfig
                0x0000000008009eb8       0xd4 ./Drivers/STM32F4xx_HAL_Driver/Src/stm32f4xx_hal_tim.o
 .text.TIM_OC4_SetConfig
                0x0000000008009f8c       0xa0 ./Drivers/STM32F4xx_HAL_Driver/Src/stm32f4xx_hal_tim.o
 .text.TIM_TI1_ConfigInputStage
                0x000000000800a02c       0x5e ./Drivers/STM32F4xx_HAL_Driver/Src/stm32f4xx_hal_tim.o
 .text.TIM_TI2_ConfigInputStage
                0x000000000800a08a       0x60 ./Drivers/STM32F4xx_HAL_Driver/Src/stm32f4xx_hal_tim.o
 .text.TIM_ITRx_SetConfig
                0x000000000800a0ea       0x36 ./Drivers/STM32F4xx_HAL_Driver/Src/stm32f4xx_hal_tim.o
 .text.TIM_ETR_SetConfig
                0x000000000800a120       0x40 ./Drivers/STM32F4xx_HAL_Driver/Src/stm32f4xx_hal_tim.o
                0x000000000800a120                TIM_ETR_SetConfig
 .text.TIM_CCxChannelCmd
                0x000000000800a160       0x4a ./Drivers/STM32F4xx_HAL_Driver/Src/stm32f4xx_hal_tim.o
                0x000000000800a160                TIM_CCxChannelCmd
 *fill*         0x000000000800a1aa        0x2 
 .text.TIM_ResetCallback
                0x000000000800a1ac       0xb0 ./Drivers/STM32F4xx_HAL_Driver/Src/stm32f4xx_hal_tim.o
                0x000000000800a1ac                TIM_ResetCallback
 .text.HAL_TIMEx_MasterConfigSynchronization
                0x000000000800a25c       0xdc ./Drivers/STM32F4xx_HAL_Driver/Src/stm32f4xx_hal_tim_ex.o
                0x000000000800a25c                HAL_TIMEx_MasterConfigSynchronization
 .text.HAL_TIMEx_CommutCallback
                0x000000000800a338       0x14 ./Drivers/STM32F4xx_HAL_Driver/Src/stm32f4xx_hal_tim_ex.o
                0x000000000800a338                HAL_TIMEx_CommutCallback
 .text.HAL_TIMEx_CommutHalfCpltCallback
                0x000000000800a34c       0x14 ./Drivers/STM32F4xx_HAL_Driver/Src/stm32f4xx_hal_tim_ex.o
                0x000000000800a34c                HAL_TIMEx_CommutHalfCpltCallback
 .text.HAL_TIMEx_BreakCallback
                0x000000000800a360       0x14 ./Drivers/STM32F4xx_HAL_Driver/Src/stm32f4xx_hal_tim_ex.o
                0x000000000800a360                HAL_TIMEx_BreakCallback
 .text.HAL_UART_Init
                0x000000000800a374       0xb4 ./Drivers/STM32F4xx_HAL_Driver/Src/stm32f4xx_hal_uart.o
                0x000000000800a374                HAL_UART_Init
 .text.HAL_UART_RegisterCallback
                0x000000000800a428      0x150 ./Drivers/STM32F4xx_HAL_Driver/Src/stm32f4xx_hal_uart.o
                0x000000000800a428                HAL_UART_RegisterCallback
 .text.HAL_UART_Receive_IT
                0x000000000800a578       0x60 ./Drivers/STM32F4xx_HAL_Driver/Src/stm32f4xx_hal_uart.o
                0x000000000800a578                HAL_UART_Receive_IT
 .text.HAL_UART_Transmit_DMA
                0x000000000800a5d8       0xfc ./Drivers/STM32F4xx_HAL_Driver/Src/stm32f4xx_hal_uart.o
                0x000000000800a5d8                HAL_UART_Transmit_DMA
 .text.HAL_UART_AbortReceive
                0x000000000800a6d4      0x146 ./Drivers/STM32F4xx_HAL_Driver/Src/stm32f4xx_hal_uart.o
                0x000000000800a6d4                HAL_UART_AbortReceive
 *fill*         0x000000000800a81a        0x2 
 .text.HAL_UART_IRQHandler
                0x000000000800a81c      0x524 ./Drivers/STM32F4xx_HAL_Driver/Src/stm32f4xx_hal_uart.o
                0x000000000800a81c                HAL_UART_IRQHandler
 .text.HAL_UART_TxCpltCallback
                0x000000000800ad40       0x14 ./Drivers/STM32F4xx_HAL_Driver/Src/stm32f4xx_hal_uart.o
                0x000000000800ad40                HAL_UART_TxCpltCallback
 .text.HAL_UART_TxHalfCpltCallback
                0x000000000800ad54       0x14 ./Drivers/STM32F4xx_HAL_Driver/Src/stm32f4xx_hal_uart.o
                0x000000000800ad54                HAL_UART_TxHalfCpltCallback
 .text.HAL_UART_RxCpltCallback
                0x000000000800ad68       0x14 ./Drivers/STM32F4xx_HAL_Driver/Src/stm32f4xx_hal_uart.o
                0x000000000800ad68                HAL_UART_RxCpltCallback
 .text.HAL_UART_RxHalfCpltCallback
                0x000000000800ad7c       0x14 ./Drivers/STM32F4xx_HAL_Driver/Src/stm32f4xx_hal_uart.o
                0x000000000800ad7c                HAL_UART_RxHalfCpltCallback
 .text.HAL_UART_ErrorCallback
                0x000000000800ad90       0x14 ./Drivers/STM32F4xx_HAL_Driver/Src/stm32f4xx_hal_uart.o
                0x000000000800ad90                HAL_UART_ErrorCallback
 .text.HAL_UART_AbortCpltCallback
                0x000000000800ada4       0x14 ./Drivers/STM32F4xx_HAL_Driver/Src/stm32f4xx_hal_uart.o
                0x000000000800ada4                HAL_UART_AbortCpltCallback
 .text.HAL_UART_AbortTransmitCpltCallback
                0x000000000800adb8       0x14 ./Drivers/STM32F4xx_HAL_Driver/Src/stm32f4xx_hal_uart.o
                0x000000000800adb8                HAL_UART_AbortTransmitCpltCallback
 .text.HAL_UART_AbortReceiveCpltCallback
                0x000000000800adcc       0x14 ./Drivers/STM32F4xx_HAL_Driver/Src/stm32f4xx_hal_uart.o
                0x000000000800adcc                HAL_UART_AbortReceiveCpltCallback
 .text.HAL_UARTEx_RxEventCallback
                0x000000000800ade0       0x18 ./Drivers/STM32F4xx_HAL_Driver/Src/stm32f4xx_hal_uart.o
                0x000000000800ade0                HAL_UARTEx_RxEventCallback
 .text.UART_InitCallbacksToDefault
                0x000000000800adf8       0x70 ./Drivers/STM32F4xx_HAL_Driver/Src/stm32f4xx_hal_uart.o
                0x000000000800adf8                UART_InitCallbacksToDefault
 .text.UART_DMATransmitCplt
                0x000000000800ae68       0x9c ./Drivers/STM32F4xx_HAL_Driver/Src/stm32f4xx_hal_uart.o
 .text.UART_DMATxHalfCplt
                0x000000000800af04       0x1e ./Drivers/STM32F4xx_HAL_Driver/Src/stm32f4xx_hal_uart.o
 .text.UART_DMAError
                0x000000000800af22       0x96 ./Drivers/STM32F4xx_HAL_Driver/Src/stm32f4xx_hal_uart.o
 .text.UART_Start_Receive_IT
                0x000000000800afb8       0x7c ./Drivers/STM32F4xx_HAL_Driver/Src/stm32f4xx_hal_uart.o
                0x000000000800afb8                UART_Start_Receive_IT
 .text.UART_EndTxTransfer
                0x000000000800b034       0x50 ./Drivers/STM32F4xx_HAL_Driver/Src/stm32f4xx_hal_uart.o
 .text.UART_EndRxTransfer
                0x000000000800b084       0xc6 ./Drivers/STM32F4xx_HAL_Driver/Src/stm32f4xx_hal_uart.o
 .text.UART_DMAAbortOnError
                0x000000000800b14a       0x2a ./Drivers/STM32F4xx_HAL_Driver/Src/stm32f4xx_hal_uart.o
 .text.UART_Transmit_IT
                0x000000000800b174       0xa0 ./Drivers/STM32F4xx_HAL_Driver/Src/stm32f4xx_hal_uart.o
 .text.UART_EndTransmit_IT
                0x000000000800b214       0x32 ./Drivers/STM32F4xx_HAL_Driver/Src/stm32f4xx_hal_uart.o
 .text.UART_Receive_IT
                0x000000000800b246      0x17a ./Drivers/STM32F4xx_HAL_Driver/Src/stm32f4xx_hal_uart.o
 .text.UART_SetConfig
                0x000000000800b3c0      0x4e8 ./Drivers/STM32F4xx_HAL_Driver/Src/stm32f4xx_hal_uart.o
 .text.__libc_init_array
                0x000000000800b8a8       0x48 c:/st/stm32cubeide_1.11.0/stm32cubeide/plugins/com.st.stm32cube.ide.mcu.externaltools.gnu-tools-for-stm32.10.3-2021.10.win32_1.0.200.202301161003/tools/bin/../lib/gcc/arm-none-eabi/10.3.1/../../../../arm-none-eabi/lib/thumb/v7e-m+fp/hard\libc_nano.a(lib_a-init.o)
                0x000000000800b8a8                __libc_init_array
 .text.memcpy   0x000000000800b8f0       0x1c c:/st/stm32cubeide_1.11.0/stm32cubeide/plugins/com.st.stm32cube.ide.mcu.externaltools.gnu-tools-for-stm32.10.3-2021.10.win32_1.0.200.202301161003/tools/bin/../lib/gcc/arm-none-eabi/10.3.1/../../../../arm-none-eabi/lib/thumb/v7e-m+fp/hard\libc_nano.a(lib_a-memcpy-stub.o)
                0x000000000800b8f0                memcpy
 .text.memset   0x000000000800b90c       0x10 c:/st/stm32cubeide_1.11.0/stm32cubeide/plugins/com.st.stm32cube.ide.mcu.externaltools.gnu-tools-for-stm32.10.3-2021.10.win32_1.0.200.202301161003/tools/bin/../lib/gcc/arm-none-eabi/10.3.1/../../../../arm-none-eabi/lib/thumb/v7e-m+fp/hard\libc_nano.a(lib_a-memset.o)
                0x000000000800b90c                memset
 *fill*         0x000000000800b91c        0x4 
 .text.atan     0x000000000800b920      0x340 c:/st/stm32cubeide_1.11.0/stm32cubeide/plugins/com.st.stm32cube.ide.mcu.externaltools.gnu-tools-for-stm32.10.3-2021.10.win32_1.0.200.202301161003/tools/bin/../lib/gcc/arm-none-eabi/10.3.1/../../../../arm-none-eabi/lib/thumb/v7e-m+fp/hard\libm.a(lib_a-s_atan.o)
                0x000000000800b920                atan
 .text.fabs     0x000000000800bc60       0x12 c:/st/stm32cubeide_1.11.0/stm32cubeide/plugins/com.st.stm32cube.ide.mcu.externaltools.gnu-tools-for-stm32.10.3-2021.10.win32_1.0.200.202301161003/tools/bin/../lib/gcc/arm-none-eabi/10.3.1/../../../../arm-none-eabi/lib/thumb/v7e-m+fp/hard\libm.a(lib_a-s_fabs.o)
                0x000000000800bc60                fabs
 *(.glue_7)
 .glue_7        0x000000000800bc72        0x0 linker stubs
 *(.glue_7t)
 .glue_7t       0x000000000800bc72        0x0 linker stubs
 *(.eh_frame)
 *fill*         0x000000000800bc72        0x2 
 .eh_frame      0x000000000800bc74        0x0 c:/st/stm32cubeide_1.11.0/stm32cubeide/plugins/com.st.stm32cube.ide.mcu.externaltools.gnu-tools-for-stm32.10.3-2021.10.win32_1.0.200.202301161003/tools/bin/../lib/gcc/arm-none-eabi/10.3.1/thumb/v7e-m+fp/hard/crtbegin.o
 *(.init)
 .init          0x000000000800bc74        0x4 c:/st/stm32cubeide_1.11.0/stm32cubeide/plugins/com.st.stm32cube.ide.mcu.externaltools.gnu-tools-for-stm32.10.3-2021.10.win32_1.0.200.202301161003/tools/bin/../lib/gcc/arm-none-eabi/10.3.1/thumb/v7e-m+fp/hard/crti.o
                0x000000000800bc74                _init
 .init          0x000000000800bc78        0x8 c:/st/stm32cubeide_1.11.0/stm32cubeide/plugins/com.st.stm32cube.ide.mcu.externaltools.gnu-tools-for-stm32.10.3-2021.10.win32_1.0.200.202301161003/tools/bin/../lib/gcc/arm-none-eabi/10.3.1/thumb/v7e-m+fp/hard/crtn.o
 *(.fini)
 .fini          0x000000000800bc80        0x4 c:/st/stm32cubeide_1.11.0/stm32cubeide/plugins/com.st.stm32cube.ide.mcu.externaltools.gnu-tools-for-stm32.10.3-2021.10.win32_1.0.200.202301161003/tools/bin/../lib/gcc/arm-none-eabi/10.3.1/thumb/v7e-m+fp/hard/crti.o
                0x000000000800bc80                _fini
 .fini          0x000000000800bc84        0x8 c:/st/stm32cubeide_1.11.0/stm32cubeide/plugins/com.st.stm32cube.ide.mcu.externaltools.gnu-tools-for-stm32.10.3-2021.10.win32_1.0.200.202301161003/tools/bin/../lib/gcc/arm-none-eabi/10.3.1/thumb/v7e-m+fp/hard/crtn.o
                0x000000000800bc8c                . = ALIGN (0x4)
                0x000000000800bc8c                _etext = .

.vfp11_veneer   0x000000000800bc8c        0x0
 .vfp11_veneer  0x000000000800bc8c        0x0 linker stubs

.v4_bx          0x000000000800bc8c        0x0
 .v4_bx         0x000000000800bc8c        0x0 linker stubs

.iplt           0x000000000800bc8c        0x0
 .iplt          0x000000000800bc8c        0x0 c:/st/stm32cubeide_1.11.0/stm32cubeide/plugins/com.st.stm32cube.ide.mcu.externaltools.gnu-tools-for-stm32.10.3-2021.10.win32_1.0.200.202301161003/tools/bin/../lib/gcc/arm-none-eabi/10.3.1/thumb/v7e-m+fp/hard/crtbegin.o

.rodata         0x000000000800bc90       0x60
                0x000000000800bc90                . = ALIGN (0x4)
 *(.rodata)
 *(.rodata*)
 .rodata.AHBPrescTable
                0x000000000800bc90       0x10 ./Core/Src/system_stm32f4xx.o
                0x000000000800bc90                AHBPrescTable
 .rodata.APBPrescTable
                0x000000000800bca0        0x8 ./Core/Src/system_stm32f4xx.o
                0x000000000800bca0                APBPrescTable
 .rodata.flagBitshiftOffset.0
                0x000000000800bca8        0x8 ./Drivers/STM32F4xx_HAL_Driver/Src/stm32f4xx_hal_dma.o
 .rodata.atanhi
                0x000000000800bcb0       0x20 c:/st/stm32cubeide_1.11.0/stm32cubeide/plugins/com.st.stm32cube.ide.mcu.externaltools.gnu-tools-for-stm32.10.3-2021.10.win32_1.0.200.202301161003/tools/bin/../lib/gcc/arm-none-eabi/10.3.1/../../../../arm-none-eabi/lib/thumb/v7e-m+fp/hard\libm.a(lib_a-s_atan.o)
 .rodata.atanlo
                0x000000000800bcd0       0x20 c:/st/stm32cubeide_1.11.0/stm32cubeide/plugins/com.st.stm32cube.ide.mcu.externaltools.gnu-tools-for-stm32.10.3-2021.10.win32_1.0.200.202301161003/tools/bin/../lib/gcc/arm-none-eabi/10.3.1/../../../../arm-none-eabi/lib/thumb/v7e-m+fp/hard\libm.a(lib_a-s_atan.o)
                0x000000000800bcf0                . = ALIGN (0x4)

.ARM.extab      0x000000000800bcf0        0x0
                0x000000000800bcf0                . = ALIGN (0x4)
 *(.ARM.extab* .gnu.linkonce.armextab.*)
                0x000000000800bcf0                . = ALIGN (0x4)

.ARM            0x000000000800bcf0        0x8
                0x000000000800bcf0                . = ALIGN (0x4)
                0x000000000800bcf0                __exidx_start = .
 *(.ARM.exidx*)
 .ARM.exidx     0x000000000800bcf0        0x8 c:/st/stm32cubeide_1.11.0/stm32cubeide/plugins/com.st.stm32cube.ide.mcu.externaltools.gnu-tools-for-stm32.10.3-2021.10.win32_1.0.200.202301161003/tools/bin/../lib/gcc/arm-none-eabi/10.3.1/thumb/v7e-m+fp/hard\libgcc.a(_udivmoddi4.o)
                0x000000000800bcf8                __exidx_end = .
                0x000000000800bcf8                . = ALIGN (0x4)

.rel.dyn        0x000000000800bcf8        0x0
 .rel.iplt      0x000000000800bcf8        0x0 c:/st/stm32cubeide_1.11.0/stm32cubeide/plugins/com.st.stm32cube.ide.mcu.externaltools.gnu-tools-for-stm32.10.3-2021.10.win32_1.0.200.202301161003/tools/bin/../lib/gcc/arm-none-eabi/10.3.1/thumb/v7e-m+fp/hard/crtbegin.o

.preinit_array  0x000000000800bcf8        0x0
                0x000000000800bcf8                . = ALIGN (0x4)
                0x000000000800bcf8                PROVIDE (__preinit_array_start = .)
 *(.preinit_array*)
                0x000000000800bcf8                PROVIDE (__preinit_array_end = .)
                0x000000000800bcf8                . = ALIGN (0x4)

.init_array     0x000000000800bcf8        0x4
                0x000000000800bcf8                . = ALIGN (0x4)
                0x000000000800bcf8                PROVIDE (__init_array_start = .)
 *(SORT_BY_NAME(.init_array.*))
 *(.init_array*)
 .init_array    0x000000000800bcf8        0x4 c:/st/stm32cubeide_1.11.0/stm32cubeide/plugins/com.st.stm32cube.ide.mcu.externaltools.gnu-tools-for-stm32.10.3-2021.10.win32_1.0.200.202301161003/tools/bin/../lib/gcc/arm-none-eabi/10.3.1/thumb/v7e-m+fp/hard/crtbegin.o
                0x000000000800bcfc                PROVIDE (__init_array_end = .)
                0x000000000800bcfc                . = ALIGN (0x4)

.fini_array     0x000000000800bcfc        0x4
                0x000000000800bcfc                . = ALIGN (0x4)
                [!provide]                        PROVIDE (__fini_array_start = .)
 *(SORT_BY_NAME(.fini_array.*))
 *(.fini_array*)
 .fini_array    0x000000000800bcfc        0x4 c:/st/stm32cubeide_1.11.0/stm32cubeide/plugins/com.st.stm32cube.ide.mcu.externaltools.gnu-tools-for-stm32.10.3-2021.10.win32_1.0.200.202301161003/tools/bin/../lib/gcc/arm-none-eabi/10.3.1/thumb/v7e-m+fp/hard/crtbegin.o
                [!provide]                        PROVIDE (__fini_array_end = .)
                0x000000000800bd00                . = ALIGN (0x4)
                0x000000000800bd00                _sidata = LOADADDR (.data)

.data           0x0000000020000000      0x238 load address 0x000000000800bd00
                0x0000000020000000                . = ALIGN (0x4)
                0x0000000020000000                _sdata = .
 *(.data)
 *(.data*)
 .data.auchCRCLo
                0x0000000020000000      0x100 ./Core/Src/ModBusRTU.o
 .data.auchCRCHi
                0x0000000020000100      0x100 ./Core/Src/ModBusRTU.o
 .data.toggle_trajec
                0x0000000020000200        0x1 ./Core/Src/main.o
                0x0000000020000200                toggle_trajec
 .data.arrived  0x0000000020000201        0x1 ./Core/Src/main.o
                0x0000000020000201                arrived
 .data.slaveAddress
                0x0000000020000202        0x1 ./Core/Src/main.o
                0x0000000020000202                slaveAddress
 *fill*         0x0000000020000203        0x1 
 .data.softResetseq
                0x0000000020000204        0x4 ./Core/Src/main.o
                0x0000000020000204                softResetseq
 .data.Emergencyseq
                0x0000000020000208        0x1 ./Core/Src/main.o
                0x0000000020000208                Emergencyseq
 *fill*         0x0000000020000209        0x3 
 .data.stopEmergencyseq
                0x000000002000020c        0x4 ./Core/Src/main.o
                0x000000002000020c                stopEmergencyseq
 .data.startTestseq
                0x0000000020000210        0x2 ./Core/Src/main.o
                0x0000000020000210                startTestseq
 *fill*         0x0000000020000212        0x2 
 .data.stopTestseq
                0x0000000020000214        0x2 ./Core/Src/main.o
                0x0000000020000214                stopTestseq
 *fill*         0x0000000020000216        0x2 
 .data.startRunseq
                0x0000000020000218        0x2 ./Core/Src/main.o
                0x0000000020000218                startRunseq
 *fill*         0x000000002000021a        0x2 
 .data.stopRunseq
                0x000000002000021c        0x2 ./Core/Src/main.o
                0x000000002000021c                stopRunseq
 *fill*         0x000000002000021e        0x2 
 .data.pickseq  0x0000000020000220        0x2 ./Core/Src/main.o
                0x0000000020000220                pickseq
 *fill*         0x0000000020000222        0x2 
 .data.placeseq
                0x0000000020000224        0x2 ./Core/Src/main.o
                0x0000000020000224                placeseq
 .data.home_in  0x0000000020000226        0x1 ./Core/Src/main.o
                0x0000000020000226                home_in
 .data.toggle_laser.25
                0x0000000020000227        0x1 ./Core/Src/main.o
 .data.timestamp_motor.8
                0x0000000020000228        0x2 ./Core/Src/main.o
 *fill*         0x000000002000022a        0x2 
 .data.SystemCoreClock
                0x000000002000022c        0x4 ./Core/Src/system_stm32f4xx.o
                0x000000002000022c                SystemCoreClock
 .data.uwTickPrio
                0x0000000020000230        0x4 ./Drivers/STM32F4xx_HAL_Driver/Src/stm32f4xx_hal.o
                0x0000000020000230                uwTickPrio
 .data.uwTickFreq
                0x0000000020000234        0x1 ./Drivers/STM32F4xx_HAL_Driver/Src/stm32f4xx_hal.o
                0x0000000020000234                uwTickFreq
 *(.RamFunc)
 *(.RamFunc*)
                0x0000000020000238                . = ALIGN (0x4)
 *fill*         0x0000000020000235        0x3 
                0x0000000020000238                _edata = .

.igot.plt       0x0000000020000238        0x0 load address 0x000000000800bf38
 .igot.plt      0x0000000020000238        0x0 c:/st/stm32cubeide_1.11.0/stm32cubeide/plugins/com.st.stm32cube.ide.mcu.externaltools.gnu-tools-for-stm32.10.3-2021.10.win32_1.0.200.202301161003/tools/bin/../lib/gcc/arm-none-eabi/10.3.1/thumb/v7e-m+fp/hard/crtbegin.o
                0x0000000020000238                . = ALIGN (0x4)

.bss            0x0000000020000238      0xb6c load address 0x000000000800bf38
                0x0000000020000238                _sbss = .
                0x0000000020000238                __bss_start__ = _sbss
 *(.bss)
 .bss           0x0000000020000238       0x1c c:/st/stm32cubeide_1.11.0/stm32cubeide/plugins/com.st.stm32cube.ide.mcu.externaltools.gnu-tools-for-stm32.10.3-2021.10.win32_1.0.200.202301161003/tools/bin/../lib/gcc/arm-none-eabi/10.3.1/thumb/v7e-m+fp/hard/crtbegin.o
 *(.bss*)
 .bss.hModbus   0x0000000020000254        0x4 ./Core/Src/ModBusRTU.o
                0x0000000020000254                hModbus
 .bss.hadc1     0x0000000020000258       0x48 ./Core/Src/main.o
                0x0000000020000258                hadc1
 .bss.hdma_adc1
                0x00000000200002a0       0x60 ./Core/Src/main.o
                0x00000000200002a0                hdma_adc1
 .bss.hi2c1     0x0000000020000300       0x54 ./Core/Src/main.o
                0x0000000020000300                hi2c1
 .bss.htim2     0x0000000020000354       0xb4 ./Core/Src/main.o
                0x0000000020000354                htim2
 .bss.htim3     0x0000000020000408       0xb4 ./Core/Src/main.o
                0x0000000020000408                htim3
 .bss.htim5     0x00000000200004bc       0xb4 ./Core/Src/main.o
                0x00000000200004bc                htim5
 .bss.htim11    0x0000000020000570       0xb4 ./Core/Src/main.o
                0x0000000020000570                htim11
 .bss.huart2    0x0000000020000624       0x74 ./Core/Src/main.o
                0x0000000020000624                huart2
 .bss.hdma_usart2_tx
                0x0000000020000698       0x60 ./Core/Src/main.o
                0x0000000020000698                hdma_usart2_tx
 .bss.hmodbus   0x00000000200006f8      0x4d8 ./Core/Src/main.o
                0x00000000200006f8                hmodbus
 .bss.registerFrame
                0x0000000020000bd0       0x8c ./Core/Src/main.o
                0x0000000020000bd0                registerFrame
 .bss.mainstate
                0x0000000020000c5c        0x1 ./Core/Src/main.o
                0x0000000020000c5c                mainstate
 *fill*         0x0000000020000c5d        0x3 
 .bss.adc       0x0000000020000c60        0x6 ./Core/Src/main.o
                0x0000000020000c60                adc
 .bss.left      0x0000000020000c66        0x1 ./Core/Src/main.o
                0x0000000020000c66                left
 .bss.right     0x0000000020000c67        0x1 ./Core/Src/main.o
                0x0000000020000c67                right
 .bss.top       0x0000000020000c68        0x1 ./Core/Src/main.o
                0x0000000020000c68                top
 .bss.bottom    0x0000000020000c69        0x1 ./Core/Src/main.o
                0x0000000020000c69                bottom
 .bss.pick_or_place
                0x0000000020000c6a        0x1 ./Core/Src/main.o
                0x0000000020000c6a                pick_or_place
 *fill*         0x0000000020000c6b        0x1 
 .bss.pick_point
                0x0000000020000c6c       0x18 ./Core/Src/main.o
                0x0000000020000c6c                pick_point
 .bss.place_point
                0x0000000020000c84       0x18 ./Core/Src/main.o
                0x0000000020000c84                place_point
 .bss.QEIRead   0x0000000020000c9c        0x4 ./Core/Src/main.o
                0x0000000020000c9c                QEIRead
 .bss.position  0x0000000020000ca0        0x4 ./Core/Src/main.o
                0x0000000020000ca0                position
 .bss.velocity  0x0000000020000ca4        0x4 ./Core/Src/main.o
                0x0000000020000ca4                velocity
 .bss.accerelation
                0x0000000020000ca8        0x4 ./Core/Src/main.o
                0x0000000020000ca8                accerelation
 .bss.velocity_array
                0x0000000020000cac       0x28 ./Core/Src/main.o
                0x0000000020000cac                velocity_array
 .bss.velocity_index
                0x0000000020000cd4        0x1 ./Core/Src/main.o
                0x0000000020000cd4                velocity_index
 *fill*         0x0000000020000cd5        0x3 
 .bss.avg_velocity
                0x0000000020000cd8        0x4 ./Core/Src/main.o
                0x0000000020000cd8                avg_velocity
 .bss.degree    0x0000000020000cdc        0x4 ./Core/Src/main.o
                0x0000000020000cdc                degree
 .bss.sampling_time
                0x0000000020000ce0        0x4 ./Core/Src/main.o
                0x0000000020000ce0                sampling_time
 .bss.speed_happen
                0x0000000020000ce4        0x4 ./Core/Src/main.o
                0x0000000020000ce4                speed_happen
 .bss.present_position
                0x0000000020000ce8        0x4 ./Core/Src/main.o
                0x0000000020000ce8                present_position
 .bss.time_final
                0x0000000020000cec        0x4 ./Core/Src/main.o
                0x0000000020000cec                time_final
 .bss.pick_place_array
                0x0000000020000cf0       0x28 ./Core/Src/main.o
                0x0000000020000cf0                pick_place_array
 .bss.Vfeedback
                0x0000000020000d18        0x4 ./Core/Src/main.o
                0x0000000020000d18                Vfeedback
 .bss.error_hap
                0x0000000020000d1c        0x4 ./Core/Src/main.o
                0x0000000020000d1c                error_hap
 .bss.degree_triangle
                0x0000000020000d20        0x4 ./Core/Src/main.o
                0x0000000020000d20                degree_triangle
 .bss.payback_val
                0x0000000020000d24        0x4 ./Core/Src/main.o
                0x0000000020000d24                payback_val
 .bss.debug_1   0x0000000020000d28        0x1 ./Core/Src/main.o
                0x0000000020000d28                debug_1
 *fill*         0x0000000020000d29        0x1 
 .bss.debug_2   0x0000000020000d2a        0x2 ./Core/Src/main.o
                0x0000000020000d2a                debug_2
 .bss.debug_3   0x0000000020000d2c        0x4 ./Core/Src/main.o
                0x0000000020000d2c                debug_3
 .bss.ENEstatus
                0x0000000020000d30        0x1 ./Core/Src/main.o
                0x0000000020000d30                ENEstatus
 *fill*         0x0000000020000d31        0x3 
 .bss.modeSelect
                0x0000000020000d34        0x4 ./Core/Src/main.o
                0x0000000020000d34                modeSelect
 .bss.statusTemp
                0x0000000020000d38        0x1 ./Core/Src/main.o
                0x0000000020000d38                statusTemp
 .bss.readFlag  0x0000000020000d39        0x1 ./Core/Src/main.o
                0x0000000020000d39                readFlag
 .bss.readFlag2
                0x0000000020000d3a        0x1 ./Core/Src/main.o
                0x0000000020000d3a                readFlag2
 .bss.read_count
                0x0000000020000d3b        0x1 ./Core/Src/main.o
                0x0000000020000d3b                read_count
 .bss.flip_position
                0x0000000020000d3c        0x1 ./Core/Src/main.o
                0x0000000020000d3c                flip_position
 *fill*         0x0000000020000d3d        0x3 
 .bss.i2ctimestamp.28
                0x0000000020000d40        0x4 ./Core/Src/main.o
 .bss.endstatustimestamp.27
                0x0000000020000d44        0x4 ./Core/Src/main.o
 .bss.i2ctimestamp2.26
                0x0000000020000d48        0x4 ./Core/Src/main.o
 .bss.last_toggle_laser.24
                0x0000000020000d4c        0x1 ./Core/Src/main.o
 *fill*         0x0000000020000d4d        0x3 
 .bss.timestamp.21
                0x0000000020000d50        0x4 ./Core/Src/main.o
 .bss.timestamp.20
                0x0000000020000d54        0x4 ./Core/Src/main.o
 .bss.previousPosition.19
                0x0000000020000d58        0x4 ./Core/Src/main.o
 .bss.previousVelocity.18
                0x0000000020000d5c        0x4 ./Core/Src/main.o
 .bss.last_toggle.17
                0x0000000020000d60        0x1 ./Core/Src/main.o
 .bss.i.16      0x0000000020000d61        0x1 ./Core/Src/main.o
 .bss.j.15      0x0000000020000d62        0x1 ./Core/Src/main.o
 *fill*         0x0000000020000d63        0x1 
 .bss.timestamp_trajectory.14
                0x0000000020000d64        0x4 ./Core/Src/main.o
 .bss.last_position.13
                0x0000000020000d68        0x8 ./Core/Src/main.o
 .bss.last_position.12
                0x0000000020000d70        0x8 ./Core/Src/main.o
 .bss.position_integral.11
                0x0000000020000d78        0x8 ./Core/Src/main.o
 .bss.velocity_integral.10
                0x0000000020000d80        0x8 ./Core/Src/main.o
 .bss.velocity_error_previous.9
                0x0000000020000d88        0x8 ./Core/Src/main.o
 .bss.height.6  0x0000000020000d90        0x4 ./Core/Src/main.o
 .bss.width.5   0x0000000020000d94        0x4 ./Core/Src/main.o
 .bss.timestamp.4
                0x0000000020000d98        0x4 ./Core/Src/main.o
 .bss.array_place.3
                0x0000000020000d9c        0x1 ./Core/Src/main.o
 *fill*         0x0000000020000d9d        0x3 
 .bss.uwTick    0x0000000020000da0        0x4 ./Drivers/STM32F4xx_HAL_Driver/Src/stm32f4xx_hal.o
                0x0000000020000da0                uwTick
 *(COMMON)
                0x0000000020000da4                . = ALIGN (0x4)
                0x0000000020000da4                _ebss = .
                0x0000000020000da4                __bss_end__ = _ebss

._user_heap_stack
                0x0000000020000da4      0x604 load address 0x000000000800bf38
                0x0000000020000da8                . = ALIGN (0x8)
 *fill*         0x0000000020000da4        0x4 
                [!provide]                        PROVIDE (end = .)
                0x0000000020000da8                PROVIDE (_end = .)
                0x0000000020000fa8                . = (. + _Min_Heap_Size)
 *fill*         0x0000000020000da8      0x200 
                0x00000000200013a8                . = (. + _Min_Stack_Size)
 *fill*         0x0000000020000fa8      0x400 
                0x00000000200013a8                . = ALIGN (0x8)

/DISCARD/
 libc.a(*)
 libm.a(*)
 libgcc.a(*)

.ARM.attributes
                0x0000000000000000       0x30
 *(.ARM.attributes)
 .ARM.attributes
                0x0000000000000000       0x1e c:/st/stm32cubeide_1.11.0/stm32cubeide/plugins/com.st.stm32cube.ide.mcu.externaltools.gnu-tools-for-stm32.10.3-2021.10.win32_1.0.200.202301161003/tools/bin/../lib/gcc/arm-none-eabi/10.3.1/thumb/v7e-m+fp/hard/crti.o
 .ARM.attributes
                0x000000000000001e       0x34 c:/st/stm32cubeide_1.11.0/stm32cubeide/plugins/com.st.stm32cube.ide.mcu.externaltools.gnu-tools-for-stm32.10.3-2021.10.win32_1.0.200.202301161003/tools/bin/../lib/gcc/arm-none-eabi/10.3.1/thumb/v7e-m+fp/hard/crtbegin.o
 .ARM.attributes
                0x0000000000000052       0x34 ./Core/Src/ModBusRTU.o
 .ARM.attributes
                0x0000000000000086       0x34 ./Core/Src/main.o
 .ARM.attributes
                0x00000000000000ba       0x34 ./Core/Src/stm32f4xx_hal_msp.o
 .ARM.attributes
                0x00000000000000ee       0x34 ./Core/Src/stm32f4xx_it.o
 .ARM.attributes
                0x0000000000000122       0x34 ./Core/Src/system_stm32f4xx.o
 .ARM.attributes
                0x0000000000000156       0x21 ./Core/Startup/startup_stm32f411retx.o
 .ARM.attributes
                0x0000000000000177       0x34 ./Drivers/STM32F4xx_HAL_Driver/Src/stm32f4xx_hal.o
 .ARM.attributes
                0x00000000000001ab       0x34 ./Drivers/STM32F4xx_HAL_Driver/Src/stm32f4xx_hal_adc.o
 .ARM.attributes
                0x00000000000001df       0x34 ./Drivers/STM32F4xx_HAL_Driver/Src/stm32f4xx_hal_cortex.o
 .ARM.attributes
                0x0000000000000213       0x34 ./Drivers/STM32F4xx_HAL_Driver/Src/stm32f4xx_hal_dma.o
 .ARM.attributes
                0x0000000000000247       0x34 ./Drivers/STM32F4xx_HAL_Driver/Src/stm32f4xx_hal_gpio.o
 .ARM.attributes
                0x000000000000027b       0x34 ./Drivers/STM32F4xx_HAL_Driver/Src/stm32f4xx_hal_i2c.o
 .ARM.attributes
                0x00000000000002af       0x34 ./Drivers/STM32F4xx_HAL_Driver/Src/stm32f4xx_hal_rcc.o
 .ARM.attributes
                0x00000000000002e3       0x34 ./Drivers/STM32F4xx_HAL_Driver/Src/stm32f4xx_hal_tim.o
 .ARM.attributes
                0x0000000000000317       0x34 ./Drivers/STM32F4xx_HAL_Driver/Src/stm32f4xx_hal_tim_ex.o
 .ARM.attributes
                0x000000000000034b       0x34 ./Drivers/STM32F4xx_HAL_Driver/Src/stm32f4xx_hal_uart.o
 .ARM.attributes
                0x000000000000037f       0x34 c:/st/stm32cubeide_1.11.0/stm32cubeide/plugins/com.st.stm32cube.ide.mcu.externaltools.gnu-tools-for-stm32.10.3-2021.10.win32_1.0.200.202301161003/tools/bin/../lib/gcc/arm-none-eabi/10.3.1/../../../../arm-none-eabi/lib/thumb/v7e-m+fp/hard\libc_nano.a(lib_a-init.o)
 .ARM.attributes
                0x00000000000003b3       0x34 c:/st/stm32cubeide_1.11.0/stm32cubeide/plugins/com.st.stm32cube.ide.mcu.externaltools.gnu-tools-for-stm32.10.3-2021.10.win32_1.0.200.202301161003/tools/bin/../lib/gcc/arm-none-eabi/10.3.1/../../../../arm-none-eabi/lib/thumb/v7e-m+fp/hard\libc_nano.a(lib_a-memcpy-stub.o)
 .ARM.attributes
                0x00000000000003e7       0x34 c:/st/stm32cubeide_1.11.0/stm32cubeide/plugins/com.st.stm32cube.ide.mcu.externaltools.gnu-tools-for-stm32.10.3-2021.10.win32_1.0.200.202301161003/tools/bin/../lib/gcc/arm-none-eabi/10.3.1/../../../../arm-none-eabi/lib/thumb/v7e-m+fp/hard\libc_nano.a(lib_a-memset.o)
 .ARM.attributes
                0x000000000000041b       0x34 c:/st/stm32cubeide_1.11.0/stm32cubeide/plugins/com.st.stm32cube.ide.mcu.externaltools.gnu-tools-for-stm32.10.3-2021.10.win32_1.0.200.202301161003/tools/bin/../lib/gcc/arm-none-eabi/10.3.1/../../../../arm-none-eabi/lib/thumb/v7e-m+fp/hard\libm.a(lib_a-s_atan.o)
 .ARM.attributes
                0x000000000000044f       0x34 c:/st/stm32cubeide_1.11.0/stm32cubeide/plugins/com.st.stm32cube.ide.mcu.externaltools.gnu-tools-for-stm32.10.3-2021.10.win32_1.0.200.202301161003/tools/bin/../lib/gcc/arm-none-eabi/10.3.1/../../../../arm-none-eabi/lib/thumb/v7e-m+fp/hard\libm.a(lib_a-s_fabs.o)
 .ARM.attributes
                0x0000000000000483       0x1e c:/st/stm32cubeide_1.11.0/stm32cubeide/plugins/com.st.stm32cube.ide.mcu.externaltools.gnu-tools-for-stm32.10.3-2021.10.win32_1.0.200.202301161003/tools/bin/../lib/gcc/arm-none-eabi/10.3.1/thumb/v7e-m+fp/hard\libgcc.a(_arm_addsubdf3.o)
 .ARM.attributes
                0x00000000000004a1       0x1e c:/st/stm32cubeide_1.11.0/stm32cubeide/plugins/com.st.stm32cube.ide.mcu.externaltools.gnu-tools-for-stm32.10.3-2021.10.win32_1.0.200.202301161003/tools/bin/../lib/gcc/arm-none-eabi/10.3.1/thumb/v7e-m+fp/hard\libgcc.a(_arm_muldivdf3.o)
 .ARM.attributes
                0x00000000000004bf       0x1e c:/st/stm32cubeide_1.11.0/stm32cubeide/plugins/com.st.stm32cube.ide.mcu.externaltools.gnu-tools-for-stm32.10.3-2021.10.win32_1.0.200.202301161003/tools/bin/../lib/gcc/arm-none-eabi/10.3.1/thumb/v7e-m+fp/hard\libgcc.a(_arm_cmpdf2.o)
 .ARM.attributes
                0x00000000000004dd       0x1e c:/st/stm32cubeide_1.11.0/stm32cubeide/plugins/com.st.stm32cube.ide.mcu.externaltools.gnu-tools-for-stm32.10.3-2021.10.win32_1.0.200.202301161003/tools/bin/../lib/gcc/arm-none-eabi/10.3.1/thumb/v7e-m+fp/hard\libgcc.a(_arm_fixdfsi.o)
 .ARM.attributes
                0x00000000000004fb       0x1e c:/st/stm32cubeide_1.11.0/stm32cubeide/plugins/com.st.stm32cube.ide.mcu.externaltools.gnu-tools-for-stm32.10.3-2021.10.win32_1.0.200.202301161003/tools/bin/../lib/gcc/arm-none-eabi/10.3.1/thumb/v7e-m+fp/hard\libgcc.a(_arm_truncdfsf2.o)
 .ARM.attributes
                0x0000000000000519       0x1e c:/st/stm32cubeide_1.11.0/stm32cubeide/plugins/com.st.stm32cube.ide.mcu.externaltools.gnu-tools-for-stm32.10.3-2021.10.win32_1.0.200.202301161003/tools/bin/../lib/gcc/arm-none-eabi/10.3.1/thumb/v7e-m+fp/hard\libgcc.a(_aeabi_uldivmod.o)
 .ARM.attributes
                0x0000000000000537       0x34 c:/st/stm32cubeide_1.11.0/stm32cubeide/plugins/com.st.stm32cube.ide.mcu.externaltools.gnu-tools-for-stm32.10.3-2021.10.win32_1.0.200.202301161003/tools/bin/../lib/gcc/arm-none-eabi/10.3.1/thumb/v7e-m+fp/hard\libgcc.a(_udivmoddi4.o)
 .ARM.attributes
                0x000000000000056b       0x1e c:/st/stm32cubeide_1.11.0/stm32cubeide/plugins/com.st.stm32cube.ide.mcu.externaltools.gnu-tools-for-stm32.10.3-2021.10.win32_1.0.200.202301161003/tools/bin/../lib/gcc/arm-none-eabi/10.3.1/thumb/v7e-m+fp/hard\libgcc.a(_dvmd_tls.o)
 .ARM.attributes
                0x0000000000000589       0x1e c:/st/stm32cubeide_1.11.0/stm32cubeide/plugins/com.st.stm32cube.ide.mcu.externaltools.gnu-tools-for-stm32.10.3-2021.10.win32_1.0.200.202301161003/tools/bin/../lib/gcc/arm-none-eabi/10.3.1/thumb/v7e-m+fp/hard/crtn.o
OUTPUT(ModbusRTU.elf elf32-littlearm)
LOAD linker stubs
LOAD c:/st/stm32cubeide_1.11.0/stm32cubeide/plugins/com.st.stm32cube.ide.mcu.externaltools.gnu-tools-for-stm32.10.3-2021.10.win32_1.0.200.202301161003/tools/bin/../lib/gcc/arm-none-eabi/10.3.1/../../../../arm-none-eabi/lib/thumb/v7e-m+fp/hard\libc.a
LOAD c:/st/stm32cubeide_1.11.0/stm32cubeide/plugins/com.st.stm32cube.ide.mcu.externaltools.gnu-tools-for-stm32.10.3-2021.10.win32_1.0.200.202301161003/tools/bin/../lib/gcc/arm-none-eabi/10.3.1/../../../../arm-none-eabi/lib/thumb/v7e-m+fp/hard\libm.a
LOAD c:/st/stm32cubeide_1.11.0/stm32cubeide/plugins/com.st.stm32cube.ide.mcu.externaltools.gnu-tools-for-stm32.10.3-2021.10.win32_1.0.200.202301161003/tools/bin/../lib/gcc/arm-none-eabi/10.3.1/thumb/v7e-m+fp/hard\libgcc.a

.debug_info     0x0000000000000000    0x14ea1
 .debug_info    0x0000000000000000     0x12b0 ./Core/Src/ModBusRTU.o
 .debug_info    0x00000000000012b0     0x2d5d ./Core/Src/main.o
 .debug_info    0x000000000000400d     0x19f9 ./Core/Src/stm32f4xx_hal_msp.o
 .debug_info    0x0000000000005a06      0xfd5 ./Core/Src/stm32f4xx_it.o
 .debug_info    0x00000000000069db      0x54f ./Core/Src/system_stm32f4xx.o
 .debug_info    0x0000000000006f2a       0x22 ./Core/Startup/startup_stm32f411retx.o
 .debug_info    0x0000000000006f4c      0x90d ./Drivers/STM32F4xx_HAL_Driver/Src/stm32f4xx_hal.o
 .debug_info    0x0000000000007859      0xd68 ./Drivers/STM32F4xx_HAL_Driver/Src/stm32f4xx_hal_adc.o
 .debug_info    0x00000000000085c1      0xd8b ./Drivers/STM32F4xx_HAL_Driver/Src/stm32f4xx_hal_cortex.o
 .debug_info    0x000000000000934c      0x947 ./Drivers/STM32F4xx_HAL_Driver/Src/stm32f4xx_hal_dma.o
 .debug_info    0x0000000000009c93      0x78e ./Drivers/STM32F4xx_HAL_Driver/Src/stm32f4xx_hal_gpio.o
 .debug_info    0x000000000000a421     0x260f ./Drivers/STM32F4xx_HAL_Driver/Src/stm32f4xx_hal_i2c.o
 .debug_info    0x000000000000ca30      0x98d ./Drivers/STM32F4xx_HAL_Driver/Src/stm32f4xx_hal_rcc.o
 .debug_info    0x000000000000d3bd     0x2f2f ./Drivers/STM32F4xx_HAL_Driver/Src/stm32f4xx_hal_tim.o
 .debug_info    0x00000000000102ec     0x175a ./Drivers/STM32F4xx_HAL_Driver/Src/stm32f4xx_hal_tim_ex.o
 .debug_info    0x0000000000011a46     0x345b ./Drivers/STM32F4xx_HAL_Driver/Src/stm32f4xx_hal_uart.o

.debug_abbrev   0x0000000000000000     0x2536
 .debug_abbrev  0x0000000000000000      0x330 ./Core/Src/ModBusRTU.o
 .debug_abbrev  0x0000000000000330      0x3fa ./Core/Src/main.o
 .debug_abbrev  0x000000000000072a      0x274 ./Core/Src/stm32f4xx_hal_msp.o
 .debug_abbrev  0x000000000000099e      0x1c7 ./Core/Src/stm32f4xx_it.o
 .debug_abbrev  0x0000000000000b65      0x116 ./Core/Src/system_stm32f4xx.o
 .debug_abbrev  0x0000000000000c7b       0x12 ./Core/Startup/startup_stm32f411retx.o
 .debug_abbrev  0x0000000000000c8d      0x23e ./Drivers/STM32F4xx_HAL_Driver/Src/stm32f4xx_hal.o
 .debug_abbrev  0x0000000000000ecb      0x204 ./Drivers/STM32F4xx_HAL_Driver/Src/stm32f4xx_hal_adc.o
 .debug_abbrev  0x00000000000010cf      0x316 ./Drivers/STM32F4xx_HAL_Driver/Src/stm32f4xx_hal_cortex.o
 .debug_abbrev  0x00000000000013e5      0x21b ./Drivers/STM32F4xx_HAL_Driver/Src/stm32f4xx_hal_dma.o
 .debug_abbrev  0x0000000000001600      0x1c4 ./Drivers/STM32F4xx_HAL_Driver/Src/stm32f4xx_hal_gpio.o
 .debug_abbrev  0x00000000000017c4      0x2a8 ./Drivers/STM32F4xx_HAL_Driver/Src/stm32f4xx_hal_i2c.o
 .debug_abbrev  0x0000000000001a6c      0x2aa ./Drivers/STM32F4xx_HAL_Driver/Src/stm32f4xx_hal_rcc.o
 .debug_abbrev  0x0000000000001d16      0x294 ./Drivers/STM32F4xx_HAL_Driver/Src/stm32f4xx_hal_tim.o
 .debug_abbrev  0x0000000000001faa      0x287 ./Drivers/STM32F4xx_HAL_Driver/Src/stm32f4xx_hal_tim_ex.o
 .debug_abbrev  0x0000000000002231      0x305 ./Drivers/STM32F4xx_HAL_Driver/Src/stm32f4xx_hal_uart.o

.debug_aranges  0x0000000000000000     0x11b0
 .debug_aranges
                0x0000000000000000       0x70 ./Core/Src/ModBusRTU.o
 .debug_aranges
                0x0000000000000070      0x150 ./Core/Src/main.o
 .debug_aranges
                0x00000000000001c0       0x88 ./Core/Src/stm32f4xx_hal_msp.o
 .debug_aranges
                0x0000000000000248       0xa0 ./Core/Src/stm32f4xx_it.o
 .debug_aranges
                0x00000000000002e8       0x28 ./Core/Src/system_stm32f4xx.o
 .debug_aranges
                0x0000000000000310       0x28 ./Core/Startup/startup_stm32f411retx.o
 .debug_aranges
                0x0000000000000338       0xf0 ./Drivers/STM32F4xx_HAL_Driver/Src/stm32f4xx_hal.o
 .debug_aranges
                0x0000000000000428       0xe8 ./Drivers/STM32F4xx_HAL_Driver/Src/stm32f4xx_hal_adc.o
 .debug_aranges
                0x0000000000000510      0x118 ./Drivers/STM32F4xx_HAL_Driver/Src/stm32f4xx_hal_cortex.o
 .debug_aranges
                0x0000000000000628       0x90 ./Drivers/STM32F4xx_HAL_Driver/Src/stm32f4xx_hal_dma.o
 .debug_aranges
                0x00000000000006b8       0x58 ./Drivers/STM32F4xx_HAL_Driver/Src/stm32f4xx_hal_gpio.o
 .debug_aranges
                0x0000000000000710      0x2a0 ./Drivers/STM32F4xx_HAL_Driver/Src/stm32f4xx_hal_i2c.o
 .debug_aranges
                0x00000000000009b0       0x88 ./Drivers/STM32F4xx_HAL_Driver/Src/stm32f4xx_hal_rcc.o
 .debug_aranges
                0x0000000000000a38      0x3e8 ./Drivers/STM32F4xx_HAL_Driver/Src/stm32f4xx_hal_tim.o
 .debug_aranges
                0x0000000000000e20      0x168 ./Drivers/STM32F4xx_HAL_Driver/Src/stm32f4xx_hal_tim_ex.o
 .debug_aranges
                0x0000000000000f88      0x228 ./Drivers/STM32F4xx_HAL_Driver/Src/stm32f4xx_hal_uart.o

.debug_ranges   0x0000000000000000     0x1100
 .debug_ranges  0x0000000000000000       0x60 ./Core/Src/ModBusRTU.o
 .debug_ranges  0x0000000000000060      0x140 ./Core/Src/main.o
 .debug_ranges  0x00000000000001a0       0x78 ./Core/Src/stm32f4xx_hal_msp.o
 .debug_ranges  0x0000000000000218       0x90 ./Core/Src/stm32f4xx_it.o
 .debug_ranges  0x00000000000002a8       0x18 ./Core/Src/system_stm32f4xx.o
 .debug_ranges  0x00000000000002c0       0x20 ./Core/Startup/startup_stm32f411retx.o
 .debug_ranges  0x00000000000002e0       0xe0 ./Drivers/STM32F4xx_HAL_Driver/Src/stm32f4xx_hal.o
 .debug_ranges  0x00000000000003c0       0xd8 ./Drivers/STM32F4xx_HAL_Driver/Src/stm32f4xx_hal_adc.o
 .debug_ranges  0x0000000000000498      0x108 ./Drivers/STM32F4xx_HAL_Driver/Src/stm32f4xx_hal_cortex.o
 .debug_ranges  0x00000000000005a0       0x80 ./Drivers/STM32F4xx_HAL_Driver/Src/stm32f4xx_hal_dma.o
 .debug_ranges  0x0000000000000620       0x48 ./Drivers/STM32F4xx_HAL_Driver/Src/stm32f4xx_hal_gpio.o
 .debug_ranges  0x0000000000000668      0x2a8 ./Drivers/STM32F4xx_HAL_Driver/Src/stm32f4xx_hal_i2c.o
 .debug_ranges  0x0000000000000910       0x78 ./Drivers/STM32F4xx_HAL_Driver/Src/stm32f4xx_hal_rcc.o
 .debug_ranges  0x0000000000000988      0x3d8 ./Drivers/STM32F4xx_HAL_Driver/Src/stm32f4xx_hal_tim.o
 .debug_ranges  0x0000000000000d60      0x158 ./Drivers/STM32F4xx_HAL_Driver/Src/stm32f4xx_hal_tim_ex.o
 .debug_ranges  0x0000000000000eb8      0x248 ./Drivers/STM32F4xx_HAL_Driver/Src/stm32f4xx_hal_uart.o

.debug_macro    0x0000000000000000    0x180fb
 .debug_macro   0x0000000000000000      0x2f3 ./Core/Src/ModBusRTU.o
 .debug_macro   0x00000000000002f3      0xa78 ./Core/Src/ModBusRTU.o
 .debug_macro   0x0000000000000d6b      0x2a7 ./Core/Src/ModBusRTU.o
 .debug_macro   0x0000000000001012       0x2e ./Core/Src/ModBusRTU.o
 .debug_macro   0x0000000000001040       0x28 ./Core/Src/ModBusRTU.o
 .debug_macro   0x0000000000001068       0x22 ./Core/Src/ModBusRTU.o
 .debug_macro   0x000000000000108a       0x8e ./Core/Src/ModBusRTU.o
 .debug_macro   0x0000000000001118       0x51 ./Core/Src/ModBusRTU.o
 .debug_macro   0x0000000000001169      0x103 ./Core/Src/ModBusRTU.o
 .debug_macro   0x000000000000126c       0x6a ./Core/Src/ModBusRTU.o
 .debug_macro   0x00000000000012d6      0x1df ./Core/Src/ModBusRTU.o
 .debug_macro   0x00000000000014b5       0x1c ./Core/Src/ModBusRTU.o
 .debug_macro   0x00000000000014d1       0x22 ./Core/Src/ModBusRTU.o
 .debug_macro   0x00000000000014f3       0xd9 ./Core/Src/ModBusRTU.o
 .debug_macro   0x00000000000015cc     0x102d ./Core/Src/ModBusRTU.o
 .debug_macro   0x00000000000025f9      0x11f ./Core/Src/ModBusRTU.o
 .debug_macro   0x0000000000002718     0xb953 ./Core/Src/ModBusRTU.o
 .debug_macro   0x000000000000e06b       0x6d ./Core/Src/ModBusRTU.o
 .debug_macro   0x000000000000e0d8     0x367e ./Core/Src/ModBusRTU.o
 .debug_macro   0x0000000000011756      0x174 ./Core/Src/ModBusRTU.o
 .debug_macro   0x00000000000118ca       0x5c ./Core/Src/ModBusRTU.o
 .debug_macro   0x0000000000011926      0x447 ./Core/Src/ModBusRTU.o
 .debug_macro   0x0000000000011d6d      0x9fe ./Core/Src/ModBusRTU.o
 .debug_macro   0x000000000001276b      0x115 ./Core/Src/ModBusRTU.o
 .debug_macro   0x0000000000012880      0x11b ./Core/Src/ModBusRTU.o
 .debug_macro   0x000000000001299b       0xa5 ./Core/Src/ModBusRTU.o
 .debug_macro   0x0000000000012a40      0x15f ./Core/Src/ModBusRTU.o
 .debug_macro   0x0000000000012b9f      0x287 ./Core/Src/ModBusRTU.o
 .debug_macro   0x0000000000012e26       0x5f ./Core/Src/ModBusRTU.o
 .debug_macro   0x0000000000012e85      0x236 ./Core/Src/ModBusRTU.o
 .debug_macro   0x00000000000130bb      0x9e1 ./Core/Src/ModBusRTU.o
 .debug_macro   0x0000000000013a9c      0x38b ./Core/Src/ModBusRTU.o
 .debug_macro   0x0000000000013e27      0x17d ./Core/Src/ModBusRTU.o
 .debug_macro   0x0000000000013fa4       0xf9 ./Core/Src/ModBusRTU.o
 .debug_macro   0x000000000001409d      0x132 ./Core/Src/ModBusRTU.o
 .debug_macro   0x00000000000141cf      0x264 ./Core/Src/ModBusRTU.o
 .debug_macro   0x0000000000014433       0x2e ./Core/Src/ModBusRTU.o
 .debug_macro   0x0000000000014461      0x1b5 ./Core/Src/ModBusRTU.o
 .debug_macro   0x0000000000014616       0x22 ./Core/Src/ModBusRTU.o
 .debug_macro   0x0000000000014638       0xd6 ./Core/Src/ModBusRTU.o
 .debug_macro   0x000000000001470e      0x11a ./Core/Src/ModBusRTU.o
 .debug_macro   0x0000000000014828       0x85 ./Core/Src/ModBusRTU.o
 .debug_macro   0x00000000000148ad       0x89 ./Core/Src/ModBusRTU.o
 .debug_macro   0x0000000000014936      0x8e6 ./Core/Src/ModBusRTU.o
 .debug_macro   0x000000000001521c       0x47 ./Core/Src/ModBusRTU.o
 .debug_macro   0x0000000000015263      0x29c ./Core/Src/ModBusRTU.o
 .debug_macro   0x00000000000154ff      0x126 ./Core/Src/ModBusRTU.o
 .debug_macro   0x0000000000015625       0x52 ./Core/Src/ModBusRTU.o
 .debug_macro   0x0000000000015677       0x1e ./Core/Src/ModBusRTU.o
 .debug_macro   0x0000000000015695       0x3c ./Core/Src/ModBusRTU.o
 .debug_macro   0x00000000000156d1       0x34 ./Core/Src/ModBusRTU.o
 .debug_macro   0x0000000000015705       0x16 ./Core/Src/ModBusRTU.o
 .debug_macro   0x000000000001571b       0x43 ./Core/Src/ModBusRTU.o
 .debug_macro   0x000000000001575e       0x34 ./Core/Src/ModBusRTU.o
 .debug_macro   0x0000000000015792       0x10 ./Core/Src/ModBusRTU.o
 .debug_macro   0x00000000000157a2       0x58 ./Core/Src/ModBusRTU.o
 .debug_macro   0x00000000000157fa       0x71 ./Core/Src/ModBusRTU.o
 .debug_macro   0x000000000001586b       0x1c ./Core/Src/ModBusRTU.o
 .debug_macro   0x0000000000015887      0x12a ./Core/Src/ModBusRTU.o
 .debug_macro   0x00000000000159b1      0x341 ./Core/Src/ModBusRTU.o
 .debug_macro   0x0000000000015cf2       0x10 ./Core/Src/ModBusRTU.o
 .debug_macro   0x0000000000015d02       0x35 ./Core/Src/ModBusRTU.o
 .debug_macro   0x0000000000015d37       0x20 ./Core/Src/ModBusRTU.o
 .debug_macro   0x0000000000015d57      0x32f ./Core/Src/main.o
 .debug_macro   0x0000000000016086       0x4c ./Core/Src/main.o
 .debug_macro   0x00000000000160d2      0x19b ./Core/Src/main.o
 .debug_macro   0x000000000001626d      0x201 ./Core/Src/main.o
 .debug_macro   0x000000000001646e       0xc8 ./Core/Src/main.o
 .debug_macro   0x0000000000016536      0x21e ./Core/Src/stm32f4xx_hal_msp.o
 .debug_macro   0x0000000000016754      0x228 ./Core/Src/stm32f4xx_it.o
 .debug_macro   0x000000000001697c      0x20f ./Core/Src/system_stm32f4xx.o
 .debug_macro   0x0000000000016b8b      0x26f ./Drivers/STM32F4xx_HAL_Driver/Src/stm32f4xx_hal.o
 .debug_macro   0x0000000000016dfa      0x210 ./Drivers/STM32F4xx_HAL_Driver/Src/stm32f4xx_hal_adc.o
 .debug_macro   0x000000000001700a      0x20f ./Drivers/STM32F4xx_HAL_Driver/Src/stm32f4xx_hal_cortex.o
 .debug_macro   0x0000000000017219      0x215 ./Drivers/STM32F4xx_HAL_Driver/Src/stm32f4xx_hal_dma.o
 .debug_macro   0x000000000001742e      0x215 ./Drivers/STM32F4xx_HAL_Driver/Src/stm32f4xx_hal_gpio.o
 .debug_macro   0x0000000000017643      0x256 ./Drivers/STM32F4xx_HAL_Driver/Src/stm32f4xx_hal_i2c.o
 .debug_macro   0x0000000000017899      0x233 ./Drivers/STM32F4xx_HAL_Driver/Src/stm32f4xx_hal_rcc.o
 .debug_macro   0x0000000000017acc      0x210 ./Drivers/STM32F4xx_HAL_Driver/Src/stm32f4xx_hal_tim.o
 .debug_macro   0x0000000000017cdc      0x20f ./Drivers/STM32F4xx_HAL_Driver/Src/stm32f4xx_hal_tim_ex.o